Archive member included because of file (symbol)

libbb/lib.a(appletlib.o)      /usr/local/ARC/gcc/bin/../lib/gcc/arc-linux-uclibc/4.2.1/../../../../arc-linux-uclibc/lib/crt1.o (main)
libbb/lib.a(bb_basename.o)    libbb/lib.a(appletlib.o) (bb_basename)
libbb/lib.a(default_error_retval.o)
                              libbb/lib.a(appletlib.o) (xfunc_error_retval)
libbb/lib.a(error_msg_and_die.o)
                              libbb/lib.a(appletlib.o) (xfunc_die)
libbb/lib.a(get_last_path_component.o)
                              libbb/lib.a(appletlib.o) (bb_get_last_path_component_nostrip)
libbb/lib.a(last_char_is.o)   libbb/lib.a(get_last_path_component.o) (last_char_is)
libbb/lib.a(messages.o)       libbb/lib.a(appletlib.o) (bb_banner)
libbb/lib.a(verror_msg.o)     libbb/lib.a(error_msg_and_die.o) (bb_verror_msg)
libbb/lib.a(xfuncs.o)         libbb/lib.a(appletlib.o) (get_terminal_width_height)
libbb/lib.a(copyfd.o)         libbb/lib.a(xfuncs.o) (bb_copyfd_eof)
libbb/lib.a(error_msg.o)      libbb/lib.a(xfuncs.o) (bb_error_msg)
libbb/lib.a(full_write.o)     libbb/lib.a(verror_msg.o) (full_write)
libbb/lib.a(perror_msg.o)     libbb/lib.a(xfuncs.o) (bb_perror_msg)
libbb/lib.a(perror_msg_and_die.o)
                              libbb/lib.a(xfuncs.o) (bb_perror_msg_and_die)
libbb/lib.a(read.o)           libbb/lib.a(copyfd.o) (safe_read)
libbb/lib.a(safe_poll.o)      libbb/lib.a(read.o) (safe_poll)
libbb/lib.a(safe_write.o)     libbb/lib.a(full_write.o) (safe_write)
loginutils/lib.a(getty.o)     libbb/lib.a(appletlib.o) (getty_main)
loginutils/lib.a(login.o)     libbb/lib.a(appletlib.o) (login_main)
loginutils/lib.a(vlock.o)     libbb/lib.a(appletlib.o) (vlock_main)
modutils/lib.a(insmod.o)      libbb/lib.a(appletlib.o) (insmod_main)
modutils/lib.a(lsmod.o)       libbb/lib.a(appletlib.o) (lsmod_main)
modutils/lib.a(modprobe.o)    libbb/lib.a(appletlib.o) (modprobe_main)
modutils/lib.a(rmmod.o)       libbb/lib.a(appletlib.o) (rmmod_main)
networking/lib.a(ftpgetput.o)
                              libbb/lib.a(appletlib.o) (ftpgetput_main)
networking/lib.a(hostname.o)  libbb/lib.a(appletlib.o) (hostname_main)
networking/lib.a(ifconfig.o)  libbb/lib.a(appletlib.o) (ifconfig_main)
networking/lib.a(ifupdown.o)  libbb/lib.a(appletlib.o) (ifupdown_main)
networking/lib.a(inetd.o)     libbb/lib.a(appletlib.o) (inetd_main)
networking/lib.a(interface.o)
                              networking/lib.a(ifconfig.o) (display_interfaces)
networking/lib.a(ip.o)        libbb/lib.a(appletlib.o) (ip_main)
networking/lib.a(netstat.o)   libbb/lib.a(appletlib.o) (netstat_main)
networking/lib.a(nslookup.o)  libbb/lib.a(appletlib.o) (nslookup_main)
networking/lib.a(ping.o)      libbb/lib.a(appletlib.o) (ping_main)
networking/lib.a(route.o)     networking/lib.a(netstat.o) (bb_displayroutes)
networking/lib.a(telnet.o)    libbb/lib.a(appletlib.o) (telnet_main)
networking/lib.a(telnetd.o)   libbb/lib.a(appletlib.o) (telnetd_main)
networking/lib.a(tftp.o)      libbb/lib.a(appletlib.o) (tftp_main)
networking/lib.a(vconfig.o)   libbb/lib.a(appletlib.o) (vconfig_main)
networking/libiproute/lib.a(ip_parse_common_args.o)
                              networking/lib.a(ip.o) (ip_parse_common_args)
networking/libiproute/lib.a(ipaddress.o)
                              networking/lib.a(ip.o) (do_ipaddr)
networking/libiproute/lib.a(iplink.o)
                              networking/lib.a(ip.o) (do_iplink)
networking/libiproute/lib.a(iproute.o)
                              networking/lib.a(ip.o) (do_iproute)
networking/libiproute/lib.a(libnetlink.o)
                              networking/libiproute/lib.a(ipaddress.o) (parse_rtattr)
networking/libiproute/lib.a(ll_addr.o)
                              networking/libiproute/lib.a(iplink.o) (ll_addr_a2n)
networking/libiproute/lib.a(ll_map.o)
                              networking/libiproute/lib.a(ipaddress.o) (ll_index_to_flags)
networking/libiproute/lib.a(ll_types.o)
                              networking/libiproute/lib.a(ipaddress.o) (ll_type_n2a)
networking/libiproute/lib.a(rt_names.o)
                              networking/libiproute/lib.a(ipaddress.o) (rtnl_rtscope_a2n)
networking/libiproute/lib.a(rtm_map.o)
                              networking/libiproute/lib.a(iproute.o) (rtnl_rtntype_a2n)
networking/libiproute/lib.a(utils.o)
                              networking/libiproute/lib.a(ipaddress.o) (rt_addr_n2a)
procps/lib.a(free.o)          libbb/lib.a(appletlib.o) (free_main)
procps/lib.a(kill.o)          libbb/lib.a(appletlib.o) (kill_main)
procps/lib.a(pidof.o)         libbb/lib.a(appletlib.o) (pidof_main)
procps/lib.a(ps.o)            libbb/lib.a(appletlib.o) (ps_main)
procps/lib.a(uptime.o)        libbb/lib.a(appletlib.o) (uptime_main)
shell/lib.a(ash.o)            libbb/lib.a(appletlib.o) (ash_main)
shell/lib.a(ash_ptr_hack.o)   shell/lib.a(ash.o) (ash_ptr_to_globals_misc)
sysklogd/lib.a(klogd.o)       libbb/lib.a(appletlib.o) (klogd_main)
[...]
Memory Configuration

Name             Origin             Length             Attributes
*default*        0x00000000         0xffffffff

Linker script and memory map

LOAD /usr/local/ARC/gcc/bin/../lib/gcc/arc-linux-uclibc/4.2.1/../../../../arc-linux-uclibc/lib/crt1.o
LOAD /usr/local/ARC/gcc/bin/../lib/gcc/arc-linux-uclibc/4.2.1/crti.o
LOAD /usr/local/ARC/gcc/bin/../lib/gcc/arc-linux-uclibc/4.2.1/crtbegin.o
START GROUP
LOAD applets/built-in.o
LOAD archival/lib.a
LOAD archival/libunarchive/lib.a
LOAD console-tools/lib.a
LOAD coreutils/lib.a
LOAD coreutils/libcoreutils/lib.a
LOAD debianutils/lib.a
LOAD e2fsprogs/lib.a
LOAD editors/lib.a
LOAD findutils/lib.a
LOAD init/lib.a
LOAD libbb/lib.a
LOAD libpwdgrp/lib.a
LOAD loginutils/lib.a
LOAD miscutils/lib.a
LOAD modutils/lib.a
LOAD networking/lib.a
LOAD networking/libiproute/lib.a
LOAD networking/udhcp/lib.a
LOAD printutils/lib.a
LOAD procps/lib.a
LOAD runit/lib.a
LOAD selinux/lib.a
LOAD shell/lib.a
LOAD sysklogd/lib.a
LOAD util-linux/lib.a
LOAD util-linux/volume_id/lib.a
LOAD archival/built-in.o
LOAD archival/libunarchive/built-in.o
LOAD console-tools/built-in.o
LOAD coreutils/built-in.o
LOAD coreutils/libcoreutils/built-in.o
LOAD debianutils/built-in.o
LOAD e2fsprogs/built-in.o
LOAD editors/built-in.o
LOAD findutils/built-in.o
LOAD init/built-in.o
LOAD libbb/built-in.o
LOAD libpwdgrp/built-in.o
LOAD loginutils/built-in.o
LOAD miscutils/built-in.o
LOAD modutils/built-in.o
LOAD networking/built-in.o
LOAD networking/libiproute/built-in.o
LOAD networking/udhcp/built-in.o
LOAD printutils/built-in.o
LOAD procps/built-in.o
LOAD runit/built-in.o
LOAD selinux/built-in.o
LOAD shell/built-in.o
LOAD sysklogd/built-in.o
LOAD util-linux/built-in.o
LOAD util-linux/volume_id/built-in.o
END GROUP
START GROUP
LOAD /usr/local/ARC/gcc/bin/../lib/gcc/arc-linux-uclibc/4.2.1/../../../../arc-linux-uclibc/lib/libcrypt.so
END GROUP
LOAD /usr/local/ARC/gcc/bin/../lib/gcc/arc-linux-uclibc/4.2.1/libgcc.a
LOAD /usr/local/ARC/gcc/bin/../lib/gcc/arc-linux-uclibc/4.2.1/libgcc_eh.a
LOAD /usr/local/ARC/gcc/bin/../lib/gcc/arc-linux-uclibc/4.2.1/../../../../arc-linux-uclibc/lib/libc.so
START GROUP
LOAD /usr/local/ARC/gcc/arc-linux-uclibc/lib/lib/libc.so.0
LOAD /usr/local/ARC/gcc/arc-linux-uclibc/lib/uclibc_nonshared.a
END GROUP
LOAD /usr/local/ARC/gcc/bin/../lib/gcc/arc-linux-uclibc/4.2.1/libgcc.a
LOAD /usr/local/ARC/gcc/bin/../lib/gcc/arc-linux-uclibc/4.2.1/libgcc_eh.a
LOAD /usr/local/ARC/gcc/bin/../lib/gcc/arc-linux-uclibc/4.2.1/crtend.o
LOAD /usr/local/ARC/gcc/bin/../lib/gcc/arc-linux-uclibc/4.2.1/crtn.o
                0x00010000                PROVIDE (__executable_start, 0x10000)
                0x000100d4                . = (0x10000 + SIZEOF_HEADERS)

.interp         0x000100d4       0x14
 *(SORT(.interp))
 .interp        0x000100d4       0x14 libbb/lib.a(appletlib.o)

.hash           0x000100e8      0x9ec
 *(SORT(.hash))
 .hash          0x000100e8      0x9ec libbb/lib.a(appletlib.o)

.dynsym         0x00010ad4     0x1720
 *(SORT(.dynsym))
 .dynsym        0x00010ad4     0x1720 libbb/lib.a(appletlib.o)

.dynstr         0x000121f4      0xd44
 *(SORT(.dynstr))
 .dynstr        0x000121f4      0xd44 libbb/lib.a(appletlib.o)

.gnu.version    0x00012f38        0x0
 *(SORT(.gnu.version))
 .gnu.version   0x00000000        0x0 libbb/lib.a(appletlib.o)

.gnu.version_d  0x00012f38        0x0
 *(SORT(.gnu.version_d))
 .gnu.version_d
                0x00000000        0x0 libbb/lib.a(appletlib.o)

.gnu.version_r  0x00012f38        0x0
 *(SORT(.gnu.version_r))
 .gnu.version_r
                0x00000000        0x0 libbb/lib.a(appletlib.o)

.rel.init
 *(SORT(.rel.init))

.rela.init
 *(SORT(.rela.init))

.rel.text
 *(SORT(.rel.text) SORT(.rel.text.*) SORT(.rel.gnu.linkonce.t.*))

.rela.text
 *(SORT(.rela.text) SORT(.rela.text.*) SORT(.rela.gnu.linkonce.t.*))

.rel.fini
 *(SORT(.rel.fini))

.rela.fini
 *(SORT(.rela.fini))

.rel.rodata
 *(SORT(.rel.rodata) SORT(.rel.rodata.*) SORT(.rel.gnu.linkonce.r.*))

.rela.rodata
 *(SORT(.rela.rodata) SORT(.rela.rodata.*) SORT(.rela.gnu.linkonce.r.*))

.rel.data
 *(SORT(.rel.data) SORT(.rel.data.*) SORT(.rel.gnu.linkonce.d.*))

.rela.data
 *(SORT(.rela.data) SORT(.rela.data.*) SORT(.rela.gnu.linkonce.d.*))

.rel.tdata
 *(SORT(.rel.tdata) SORT(.rel.tdata.*) SORT(.rel.gnu.linkonce.td.*))

.rela.tdata
 *(SORT(.rela.tdata) SORT(.rela.tdata.*) SORT(.rela.gnu.linkonce.td.*))

.rel.tbss
 *(SORT(.rel.tbss) SORT(.rel.tbss.*) SORT(.rel.gnu.linkonce.tb.*))

.rela.tbss
 *(SORT(.rela.tbss) SORT(.rela.tbss.*) SORT(.rela.gnu.linkonce.tb.*))

.rel.ctors
 *(SORT(.rel.ctors))

.rela.ctors
 *(SORT(.rela.ctors))

.rel.dtors
 *(SORT(.rel.dtors))

.rela.dtors
 *(SORT(.rela.dtors))

.rel.got
 *(SORT(.rel.got))

.rela.got       0x00012f38      0x3cc
 *(SORT(.rela.got))
 .rela.got      0x00012f38      0x3cc libbb/lib.a(appletlib.o)

.rel.sdata
 *(SORT(.rel.sdata) SORT(.rel.sdata.*) SORT(.rel.gnu.linkonce.s.*))

.rela.sdata
 *(SORT(.rela.sdata) SORT(.rela.sdata.*) SORT(.rela.gnu.linkonce.s.*))

.rel.sbss
 *(SORT(.rel.sbss) SORT(.rel.sbss.*) SORT(.rel.gnu.linkonce.sb.*))

.rela.sbss
 *(SORT(.rela.sbss) SORT(.rela.sbss.*) SORT(.rela.gnu.linkonce.sb.*))

.rel.sdata2
 *(SORT(.rel.sdata2) SORT(.rel.sdata2.*) SORT(.rel.gnu.linkonce.s2.*))

.rela.sdata2
 *(SORT(.rela.sdata2) SORT(.rela.sdata2.*) SORT(.rela.gnu.linkonce.s2.*))

.rel.sbss2
 *(SORT(.rel.sbss2) SORT(.rel.sbss2.*) SORT(.rel.gnu.linkonce.sb2.*))

.rela.sbss2
 *(SORT(.rela.sbss2) SORT(.rela.sbss2.*) SORT(.rela.gnu.linkonce.sb2.*))

.rel.bss
 *(SORT(.rel.bss) SORT(.rel.bss.*) SORT(.rel.gnu.linkonce.b.*))

.rela.bss       0x00013304       0x90
 *(SORT(.rela.bss) SORT(.rela.bss.*) SORT(.rela.gnu.linkonce.b.*))
 .rela.bss      0x00013304       0x90 libbb/lib.a(appletlib.o)

.rel.plt
 *(SORT(.rel.plt))

.rela.plt       0x00013394      0xd80
 *(SORT(.rela.plt))
 .rela.plt      0x00013394      0xd80 libbb/lib.a(appletlib.o)

.init           0x00014114       0x14
 *(SORT(.init))
 .init          0x00014114        0x8 /usr/local/ARC/gcc/bin/../lib/gcc/arc-linux-uclibc/4.2.1/crti.o
                0x00014118                _init
 .init          0x0001411c        0x4 /usr/local/ARC/gcc/bin/../lib/gcc/arc-linux-uclibc/4.2.1/crtbegin.o
 .init          0x00014120        0x4 /usr/local/ARC/gcc/bin/../lib/gcc/arc-linux-uclibc/4.2.1/crtend.o
 .init          0x00014124        0x4 /usr/local/ARC/gcc/bin/../lib/gcc/arc-linux-uclibc/4.2.1/crtn.o

.plt            0x00014128      0xd98
 *(SORT(.plt))
 .plt           0x00014128      0xd98 libbb/lib.a(appletlib.o)
                0x00014140                longjmp
                0x0001414c                chroot
                0x00014158                strcpy
                0x00014164                setrlimit64
                0x00014170                unsetenv
                0x0001417c                mkstemp64
                0x00014188                waitpid
                0x00014194                pause
                0x000141a0                ioctl
                0x000141ac                getgid
                0x000141b8                popen
                0x000141c4                sysconf
                0x000141d0                printf
                0x000141dc                vsprintf
                0x000141e8                getspnam_r
                0x000141f4                utime
                0x00014200                cfgetospeed
                0x0001420c                recv
                0x00014218                connect
                0x00014224                ungetc
                0x00014230                sigemptyset
                0x0001423c                strerror
                0x00014248                memrchr
                0x00014254                geteuid
                0x00014260                inet_pton
                0x0001426c                stat64
                0x00014278                memmove
                0x00014284                pclose
                0x00014290                getopt_long
                0x0001429c                snprintf
                0x000142a8                syscall
                0x000142b4                mknod
                0x000142c0                getgrgid
                0x000142cc                clnt_spcreateerror
                0x000142d8                times
                0x000142e4                statfs64
                0x000142f0                authunix_create_default
                0x000142fc                getenv
                0x00014308                fchmod
                0x00014314                getegid
                0x00014320                isblank
                0x0001432c                bsearch
                0x00014338                usleep
                0x00014344                execve
                0x00014350                getpagesize
                0x0001435c                getpid
                0x00014368                qsort
                0x00014374                fchown
                0x00014380                fscanf
                0x0001438c                fgets
                0x00014398                dirname
                0x000143a4                fcntl64
                0x000143b0                getrlimit64
                0x000143bc                memcpy
                0x000143c8                pmap_getport
                0x000143d4                readlink
                0x000143e0                puts
                0x000143ec                dup2
                0x000143f8                islower
                0x00014404                tcflush
                0x00014410                execle
                0x0001441c                tolower
                0x00014428                getuid
                0x00014434                system
                0x00014440                feof
                0x0001444c                malloc
                0x00014458                isatty
                0x00014464                cfgetispeed
                0x00014470                sleep
                0x0001447c                sysinfo
                0x00014488                strtoll
                0x00014494                vsnprintf
                0x000144a0                recvfrom
                0x000144ac                xdr_bytes
                0x000144b8                pivot_root
                0x000144c4                strtoul
                0x000144d0                ispunct
                0x000144dc                gethostbyaddr
                0x000144e8                rmdir
                0x000144f4                socket
                0x00014500                select
                0x0001450c                lchown
                0x00014518                setgroups
                0x00014524                isspace
                0x00014530                fflush
                0x0001453c                realpath
                0x00014548                putenv
                0x00014554                sigaddset
                0x00014560                clearenv
                0x0001456c                chown
                0x00014578                strncasecmp
                0x00014584                setpgid
                0x00014590                getdomainname
                0x0001459c                freeaddrinfo
                0x000145a8                __fgetc_unlocked
                0x000145b4                chmod
                0x000145c0                getnameinfo
                0x000145cc                fstat64
                0x000145d8                alarm
                0x000145e4                strtol
                0x000145f0                pipe
                0x000145fc                getpgrp
                0x00014608                strnlen
                0x00014614                uname
                0x00014620                accept
                0x0001462c                cfsetispeed
                0x00014638                rename
                0x00014644                strrchr
                0x00014650                xdr_enum
                0x0001465c                calloc
                0x00014668                strtod
                0x00014674                write
                0x00014680                atof
                0x0001468c                fprintf
                0x00014698                kill
                0x000146a4                ctime
                0x000146b0                strcat
                0x000146bc                bind
                0x000146c8                getmntent_r
                0x000146d4                inet_addr
                0x000146e0                vprintf
                0x000146ec                umount2
                0x000146f8                if_nametoindex
                0x00014704                reboot
                0x00014710                chdir
                0x0001471c                initgroups
                0x00014728                endgrent
                0x00014734                setsockopt
                0x00014740                fseek
                0x0001474c                cfsetospeed
                0x00014758                memchr
                0x00014764                wait
                0x00014770                umask
                0x0001477c                dprintf
                0x00014788                mktime
                0x00014794                ferror
                0x000147a0                strstr
                0x000147ac                unlockpt
                0x000147b8                rand
                0x000147c4                setgid
                0x000147d0                signal
                0x000147dc                read
                0x000147e8                openlog
                0x000147f4                sendmsg
                0x00014800                clntudp_create
                0x0001480c                closelog
                0x00014818                isupper
                0x00014824                strncmp
                0x00014830                sethostname
                0x0001483c                __cmsg_nxthdr
                0x00014848                strncpy
                0x00014854                unlink
                0x00014860                sync
                0x0001486c                setenv
                0x00014878                freopen64
                0x00014884                strcasecmp
                0x00014890                sendto
                0x0001489c                realloc
                0x000148a8                __cxa_atexit
                0x000148b4                readdir64
                0x000148c0                strtok
                0x000148cc                sigfillset
                0x000148d8                memcmp
                0x000148e4                listen
                0x000148f0                crypt
                0x000148fc                xdr_opaque
                0x00014908                fdopen
                0x00014914                fork
                0x00014920                sscanf
                0x0001492c                execv
                0x00014938                setmntent
                0x00014944                isalpha
                0x00014950                lstat64
                0x0001495c                execlp
                0x00014968                sigaction
                0x00014974                endmntent
                0x00014980                __res_init
                0x0001498c                killpg
                0x00014998                fread
                0x000149a4                __uClibc_main
                0x000149b0                strdup
                0x000149bc                inet_aton
                0x000149c8                strtoull
                0x000149d4                regcomp
                0x000149e0                symlink
                0x000149ec                gettimeofday
                0x000149f8                getopt
                0x00014a04                localtime
                0x00014a10                memset
                0x00014a1c                fnmatch
                0x00014a28                cfmakeraw
                0x00014a34                ftell
                0x00014a40                srand
                0x00014a4c                clearerr
                0x00014a58                fclose
                0x00014a64                grantpt
                0x00014a70                open64
                0x00014a7c                xdr_string
                0x00014a88                inet_ntoa
                0x00014a94                getppid
                0x00014aa0                tcgetattr
                0x00014aac                getservbyport
                0x00014ab8                regexec
                0x00014ac4                time
                0x00014ad0                opendir
                0x00014adc                getgroups
                0x00014ae8                isgraph
                0x00014af4                poll
                0x00014b00                syslog
                0x00014b0c                isalnum
                0x00014b18                ptsname
                0x00014b24                isprint
                0x00014b30                xdr_u_int
                0x00014b3c                getopt_long_only
                0x00014b48                mount
                0x00014b54                strcmp
                0x00014b60                pmap_getmaps
                0x00014b6c                ttyname
                0x00014b78                getpwuid
                0x00014b84                __h_errno_location
                0x00014b90                dup
                0x00014b9c                getcwd
                0x00014ba8                gethostbyname
                0x00014bb4                strsignal
                0x00014bc0                getpwnam
                0x00014bcc                getservbyname
                0x00014bd8                fgetc
                0x00014be4                sprintf
                0x00014bf0                clnttcp_create
                0x00014bfc                difftime
                0x00014c08                strcspn
                0x00014c14                regerror
                0x00014c20                umount
                0x00014c2c                vfork
                0x00014c38                strsep
                0x00014c44                fputc
                0x00014c50                clnt_sperror
                0x00014c5c                hstrerror
                0x00014c68                getaddrinfo
                0x00014c74                strftime
                0x00014c80                mkdtemp
                0x00014c8c                getmntent
                0x00014c98                fwrite
                0x00014ca4                access
                0x00014cb0                bindresvport
                0x00014cbc                strptime
                0x00014cc8                tcgetpgrp
                0x00014cd4                __errno_location
                0x00014ce0                link
                0x00014cec                exit
                0x00014cf8                stime
                0x00014d04                klogctl
                0x00014d10                inet_ntop
                0x00014d1c                getgrnam
                0x00014d28                atoi
                0x00014d34                fileno
                0x00014d40                _setjmp
                0x00014d4c                _exit
                0x00014d58                strspn
                0x00014d64                strlen
                0x00014d70                lseek64
                0x00014d7c                toupper
                0x00014d88                xdr_array
                0x00014d94                regfree
                0x00014da0                strchr
                0x00014dac                fputs
                0x00014db8                execvp
                0x00014dc4                setsid
                0x00014dd0                closedir
                0x00014ddc                vasprintf
                0x00014de8                recvmsg
                0x00014df4                strchrnul
                0x00014e00                setuid
                0x00014e0c                tcsetattr
                0x00014e18                mkdir
                0x00014e24                close
                0x00014e30                vfprintf
                0x00014e3c                strpbrk
                0x00014e48                tcsetpgrp
                0x00014e54                xdr_int
                0x00014e60                sigsuspend
                0x00014e6c                raise
                0x00014e78                free
                0x00014e84                sigprocmask
                0x00014e90                __fputc_unlocked
                0x00014e9c                getsockname
                0x00014ea8                fopen64
                0x00014eb4                ftruncate64

.text           0x00014ec0    0x39876
 *(SORT(.text) SORT(.stub) SORT(.text.*) SORT(.gnu.linkonce.t.*))
 .text          0x00014ec0       0x88 /usr/local/ARC/gcc/bin/../lib/gcc/arc-linux-uclibc/4.2.1/crtbegin.o
 .text.applet_name_compare
                0x00014f48       0x2c libbb/lib.a(appletlib.o)
 .text.lbb_prepare
                0x00014f74       0x2c libbb/lib.a(appletlib.o)
                0x00014f74                lbb_prepare
 .text.find_applet_by_name
                0x00014fa0       0x4c libbb/lib.a(appletlib.o)
                0x00014fa0                find_applet_by_name
 .text.bb_show_usage
                0x00014fec        0x8 libbb/lib.a(appletlib.o)
                0x00014fec                bb_show_usage
 .text.run_applet_no_and_exit
                0x00014ff4       0xc8 libbb/lib.a(appletlib.o)
                0x00014ff4                run_applet_no_and_exit
 .text.run_applet_and_exit
                0x000150bc      0x148 libbb/lib.a(appletlib.o)
                0x000150bc                run_applet_and_exit
 .text.main     0x00015204       0x64 libbb/lib.a(appletlib.o)
                0x00015204                main
 .text.bb_basename
                0x00015268       0x24 libbb/lib.a(bb_basename.o)
                0x00015268                bb_basename
 .text.xfunc_die
                0x0001528c       0x24 libbb/lib.a(error_msg_and_die.o)
                0x0001528c                xfunc_die
 .text.bb_error_msg_and_die
                0x000152b0       0x30 libbb/lib.a(error_msg_and_die.o)
                0x000152b0                bb_error_msg_and_die
 .text.bb_get_last_path_component_nostrip
                0x000152e0       0x30 libbb/lib.a(get_last_path_component.o)
                0x000152e0                bb_get_last_path_component_nostrip
 .text.bb_get_last_path_component_strip
                0x00015310       0x60 libbb/lib.a(get_last_path_component.o)
                0x00015310                bb_get_last_path_component_strip
 .text.last_char_is
                0x00015370       0x34 libbb/lib.a(last_char_is.o)
                0x00015370                last_char_is
 .text.bb_verror_msg
                0x000153a4      0x160 libbb/lib.a(verror_msg.o)
                0x000153a4                bb_verror_msg
 .text.smart_ulltoa4
                0x00015504      0x184 libbb/lib.a(xfuncs.o)
                0x00015504                smart_ulltoa4
 .text.smart_ulltoa5
                0x00015688      0x1ec libbb/lib.a(xfuncs.o)
                0x00015688                smart_ulltoa5
 .text.utoa_to_buf
                0x00015874       0x74 libbb/lib.a(xfuncs.o)
                0x00015874                utoa_to_buf
 .text.itoa_to_buf
                0x000158e8       0x30 libbb/lib.a(xfuncs.o)
                0x000158e8                itoa_to_buf
 .text.utoa     0x00015918       0x38 libbb/lib.a(xfuncs.o)
                0x00015918                utoa
 .text.itoa     0x00015950       0x38 libbb/lib.a(xfuncs.o)
                0x00015950                itoa
 .text.bin2hex  0x00015988       0x60 libbb/lib.a(xfuncs.o)
                0x00015988                bin2hex
 .text.hex2bin  0x000159e8       0xf4 libbb/lib.a(xfuncs.o)
                0x000159e8                hex2bin
 .text.bb_xioctl
                0x00015adc       0x20 libbb/lib.a(xfuncs.o)
                0x00015adc                bb_xioctl
 .text.bb_ioctl_or_warn
                0x00015afc       0x2c libbb/lib.a(xfuncs.o)
                0x00015afc                bb_ioctl_or_warn
 .text.ioctl_or_perror
                0x00015b28       0x58 libbb/lib.a(xfuncs.o)
                0x00015b28                ioctl_or_perror
 .text.ioctl_or_perror_and_die
                0x00015b80       0x54 libbb/lib.a(xfuncs.o)
                0x00015b80                ioctl_or_perror_and_die
 .text.get_terminal_width_height
                0x00015bd4       0xbc libbb/lib.a(xfuncs.o)
                0x00015bd4                get_terminal_width_height
 .text.selinux_or_die
                0x00015c90       0x1c libbb/lib.a(xfuncs.o)
                0x00015c90                selinux_or_die
 .text.xstat    0x00015cac       0x38 libbb/lib.a(xfuncs.o)
                0x00015cac                xstat
 .text.xsendto  0x00015ce4       0x38 libbb/lib.a(xfuncs.o)
                0x00015ce4                xsendto
 .text.xlisten  0x00015d1c       0x2c libbb/lib.a(xfuncs.o)
                0x00015d1c                xlisten
 .text.xbind    0x00015d48       0x2c libbb/lib.a(xfuncs.o)
                0x00015d48                xbind
 .text.xsocket  0x00015d74       0x30 libbb/lib.a(xfuncs.o)
                0x00015d74                xsocket
 .text.xopendir
                0x00015da4       0x38 libbb/lib.a(xfuncs.o)
                0x00015da4                xopendir
 .text.warn_opendir
                0x00015ddc       0x44 libbb/lib.a(xfuncs.o)
                0x00015ddc                warn_opendir
 .text.xchroot  0x00015e20       0x38 libbb/lib.a(xfuncs.o)
                0x00015e20                xchroot
 .text.xchdir   0x00015e58       0x38 libbb/lib.a(xfuncs.o)
                0x00015e58                xchdir
 .text.xfflush_stdout
                0x00015e90       0x28 libbb/lib.a(xfuncs.o)
                0x00015e90                xfflush_stdout
 .text.xprint_and_close_file
                0x00015eb8       0x48 libbb/lib.a(xfuncs.o)
                0x00015eb8                xprint_and_close_file
 .text.xasprintf
                0x00015f00       0x4c libbb/lib.a(xfuncs.o)
                0x00015f00                xasprintf
 .text.bb_putchar
                0x00015f4c       0x3c libbb/lib.a(xfuncs.o)
                0x00015f4c                bb_putchar
 .text.xsetuid  0x00015f88       0x2c libbb/lib.a(xfuncs.o)
                0x00015f88                xsetuid
 .text.xsetgid  0x00015fb4       0x2c libbb/lib.a(xfuncs.o)
                0x00015fb4                xsetgid
 .text.xsetenv  0x00015fe0       0x20 libbb/lib.a(xfuncs.o)
                0x00015fe0                xsetenv
 .text.strncpy_IFNAMSIZ
                0x00016000       0x14 libbb/lib.a(xfuncs.o)
                0x00016000                strncpy_IFNAMSIZ
 .text.die_if_ferror
                0x00016014       0x38 libbb/lib.a(xfuncs.o)
                0x00016014                die_if_ferror
 .text.die_if_ferror_stdout
                0x0001604c       0x24 libbb/lib.a(xfuncs.o)
                0x0001604c                die_if_ferror_stdout
 .text.xlseek   0x00016070       0x64 libbb/lib.a(xfuncs.o)
                0x00016070                xlseek
 .text.xwrite   0x000160d4       0x3c libbb/lib.a(xfuncs.o)
                0x000160d4                xwrite
 .text.xdup2    0x00016110       0x38 libbb/lib.a(xfuncs.o)
                0x00016110                xdup2
 .text.xmove_fd
                0x00016148       0x20 libbb/lib.a(xfuncs.o)
                0x00016148                xmove_fd
 .text.ndelay_off
                0x00016168       0x24 libbb/lib.a(xfuncs.o)
                0x00016168                ndelay_off
 .text.close_on_exec_on
                0x0001618c       0x14 libbb/lib.a(xfuncs.o)
                0x0001618c                close_on_exec_on
 .text.ndelay_on
                0x000161a0       0x24 libbb/lib.a(xfuncs.o)
                0x000161a0                ndelay_on
 .text.xpipe    0x000161c4       0x2c libbb/lib.a(xfuncs.o)
                0x000161c4                xpipe
 .text.rename_or_warn
                0x000161f0       0x48 libbb/lib.a(xfuncs.o)
                0x000161f0                rename_or_warn
 .text.xrename  0x00016238       0x40 libbb/lib.a(xfuncs.o)
                0x00016238                xrename
 .text.xunlink  0x00016278       0x38 libbb/lib.a(xfuncs.o)
                0x00016278                xunlink
 .text.open3_or_warn
                0x000162b0       0x44 libbb/lib.a(xfuncs.o)
                0x000162b0                open3_or_warn
 .text.open_or_warn
                0x000162f4       0x14 libbb/lib.a(xfuncs.o)
                0x000162f4                open_or_warn
 .text.xopen3   0x00016308       0x38 libbb/lib.a(xfuncs.o)
                0x00016308                xopen3
 .text.xopen    0x00016340       0x14 libbb/lib.a(xfuncs.o)
                0x00016340                xopen
 .text.xfopen   0x00016354       0x38 libbb/lib.a(xfuncs.o)
                0x00016354                xfopen
 .text.xstrdup  0x0001638c       0x28 libbb/lib.a(xfuncs.o)
                0x0001638c                xstrdup
 .text.xrealloc
                0x000163b4       0x2c libbb/lib.a(xfuncs.o)
                0x000163b4                xrealloc
 .text.xmalloc  0x000163e0       0x2c libbb/lib.a(xfuncs.o)
                0x000163e0                xmalloc
 .text.xstrndup
                0x0001640c       0x5c libbb/lib.a(xfuncs.o)
                0x0001640c                xstrndup
 .text.xzalloc  0x00016468       0x28 libbb/lib.a(xfuncs.o)
                0x00016468                xzalloc
 .text.malloc_or_warn
                0x00016490       0x34 libbb/lib.a(xfuncs.o)
                0x00016490                malloc_or_warn
 .text.bb_unsetenv
                0x000164c4       0x40 libbb/lib.a(xfuncs.o)
                0x000164c4                bb_unsetenv
 .text.bb_unsetenv_and_free
                0x00016504       0x1c libbb/lib.a(xfuncs.o)
                0x00016504                bb_unsetenv_and_free
 .text.bb_full_fd_action
                0x00016520      0x13c libbb/lib.a(copyfd.o)
 .text.bb_copyfd_eof
                0x0001665c       0x18 libbb/lib.a(copyfd.o)
                0x0001665c                bb_copyfd_eof
 .text.bb_copyfd_size
                0x00016674       0x2c libbb/lib.a(copyfd.o)
                0x00016674                bb_copyfd_size
 .text.bb_copyfd_exact_size
                0x000166a0       0x58 libbb/lib.a(copyfd.o)
                0x000166a0                bb_copyfd_exact_size
 .text.bb_error_msg
                0x000166f8       0x38 libbb/lib.a(error_msg.o)
                0x000166f8                bb_error_msg
 .text.full_write
                0x00016730       0x44 libbb/lib.a(full_write.o)
                0x00016730                full_write
 .text.bb_perror_msg
                0x00016774       0x60 libbb/lib.a(perror_msg.o)
                0x00016774                bb_perror_msg
 .text.bb_simple_perror_msg
                0x000167d4       0x28 libbb/lib.a(perror_msg.o)
                0x000167d4                bb_simple_perror_msg
 .text.bb_perror_msg_and_die
                0x000167fc       0x54 libbb/lib.a(perror_msg_and_die.o)
                0x000167fc                bb_perror_msg_and_die
 .text.bb_simple_perror_msg_and_die
                0x00016850       0x1c libbb/lib.a(perror_msg_and_die.o)
                0x00016850                bb_simple_perror_msg_and_die
 .text.safe_read
                0x0001686c       0x38 libbb/lib.a(read.o)
                0x0001686c                safe_read
 .text.full_read
                0x000168a4       0x44 libbb/lib.a(read.o)
                0x000168a4                full_read
 .text.read_close
                0x000168e8       0x24 libbb/lib.a(read.o)
                0x000168e8                read_close
 .text.xmalloc_open_read_close
                0x0001690c       0xc0 libbb/lib.a(read.o)
                0x0001690c                xmalloc_open_read_close
 .text.open_read_close
                0x000169cc       0x30 libbb/lib.a(read.o)
                0x000169cc                open_read_close
 .text.reads    0x000169fc       0x90 libbb/lib.a(read.o)
                0x000169fc                reads
 .text.xread    0x00016a8c       0x3c libbb/lib.a(read.o)
                0x00016a8c                xread
 .text.xread_char
                0x00016ac8       0x1c libbb/lib.a(read.o)
                0x00016ac8                xread_char
 .text.nonblock_safe_read
                0x00016ae4       0x54 libbb/lib.a(read.o)
                0x00016ae4                nonblock_safe_read
 .text.xmalloc_reads
                0x00016b38       0x88 libbb/lib.a(read.o)
                0x00016b38                xmalloc_reads
 .text.safe_poll
                0x00016bc0       0x64 libbb/lib.a(safe_poll.o)
                0x00016bc0                safe_poll
 .text.safe_write
                0x00016c24       0x38 libbb/lib.a(safe_write.o)
                0x00016c24                safe_write
 .text.bcode    0x00016c5c       0x24 loginutils/lib.a(getty.o)
 .text.getty_main
                0x00016c80      0x744 loginutils/lib.a(getty.o)
                0x00016c80                getty_main
 .text.login_main
                0x000173c4      0x4c4 loginutils/lib.a(login.o)
                0x000173c4                login_main
 .text.alarm_handler
                0x00017888       0x3c loginutils/lib.a(login.o)
 .text.acquire_vt
                0x000178c4       0x1c loginutils/lib.a(vlock.o)
 .text.release_vt
                0x000178e0       0x28 loginutils/lib.a(vlock.o)
 .text.vlock_main
                0x00017908      0x19c loginutils/lib.a(vlock.o)
                0x00017908                vlock_main
 .text.insmod_main
                0x00017aa4      0x11c modutils/lib.a(insmod.o)
                0x00017aa4                insmod_main
 .text.lsmod_main
                0x00017bc0      0x1c0 modutils/lib.a(lsmod.o)
                0x00017bc0                lsmod_main
 .text.append_option
                0x00017d80       0x4c modutils/lib.a(modprobe.o)
 .text.already_loaded
                0x00017dcc       0xbc modutils/lib.a(modprobe.o)
 .text.parse_tag_value
                0x00017e88       0x54 modutils/lib.a(modprobe.o)
 .text.include_conf
                0x00017edc      0x338 modutils/lib.a(modprobe.o)
 .text.check_pattern
                0x00018214       0x64 modutils/lib.a(modprobe.o)
 .text.check_dep
                0x00018278      0x158 modutils/lib.a(modprobe.o)
 .text.mod_process
                0x000183d0      0x184 modutils/lib.a(modprobe.o)
 .text.modprobe_main
                0x00018554      0x57c modutils/lib.a(modprobe.o)
                0x00018554                modprobe_main
 .text.rmmod_main
                0x00018ad0      0x108 modutils/lib.a(rmmod.o)
                0x00018ad0                rmmod_main
 .text.ftp_die  0x00018bd8       0x54 networking/lib.a(ftpgetput.o)
 .text.ftpcmd   0x00018c2c       0xc8 networking/lib.a(ftpgetput.o)
 .text.ftpgetput_main
                0x00018cf4      0x1cc networking/lib.a(ftpgetput.o)
                0x00018cf4                ftpgetput_main
 .text.xconnect_ftpdata
                0x00018ec0       0x7c networking/lib.a(ftpgetput.o)
 .text.ftp_receive
                0x00018f3c      0x1d0 networking/lib.a(ftpgetput.o)
 .text.ftp_send
                0x0001910c      0x154 networking/lib.a(ftpgetput.o)
 .text.do_sethostname
                0x00019260       0xa8 networking/lib.a(hostname.o)
 .text.hostname_main
                0x00019308      0x108 networking/lib.a(hostname.o)
                0x00019308                hostname_main
 .text.ifconfig_main
                0x00019410      0x3d4 networking/lib.a(ifconfig.o)
                0x00019410                ifconfig_main
 .text.dhcp_up  0x000197e4        0x8 networking/lib.a(ifupdown.o)
 .text.dhcp_down
                0x000197ec        0x8 networking/lib.a(ifupdown.o)
 .text.manual_up_down
                0x000197f4        0x8 networking/lib.a(ifupdown.o)
 .text.check    0x000197fc        0xc networking/lib.a(ifupdown.o)
 .text.find_iface_state
                0x00019808       0x44 networking/lib.a(ifupdown.o)
 .text.strncmpz
                0x0001984c       0x2c networking/lib.a(ifupdown.o)
 .text.addstr   0x00019878       0x48 networking/lib.a(ifupdown.o)
 .text.execute  0x000198c0      0x278 networking/lib.a(ifupdown.o)
 .text.wvdial_down
                0x00019b38       0x2c networking/lib.a(ifupdown.o)
 .text.wvdial_up
                0x00019b64       0x2c networking/lib.a(ifupdown.o)
 .text.ppp_down
                0x00019b90       0x2c networking/lib.a(ifupdown.o)
 .text.ppp_up   0x00019bbc       0x2c networking/lib.a(ifupdown.o)
 .text.bootp_up
                0x00019be8       0x2c networking/lib.a(ifupdown.o)
 .text.static_down
                0x00019c14       0x54 networking/lib.a(ifupdown.o)
 .text.static_up
                0x00019c68       0x68 networking/lib.a(ifupdown.o)
 .text.loopback_down
                0x00019cd0       0x2c networking/lib.a(ifupdown.o)
 .text.loopback_up
                0x00019cfc       0x2c networking/lib.a(ifupdown.o)
 .text.next_word
                0x00019d28       0x58 networking/lib.a(ifupdown.o)
 .text.read_iface_state
                0x00019d80       0x84 networking/lib.a(ifupdown.o)
 .text.ifupdown_main
                0x00019e04      0x628 networking/lib.a(ifupdown.o)
                0x00019e04                ifupdown_main
 .text.setlocalenv
                0x0001a42c       0x78 networking/lib.a(ifupdown.o)
 .text.set_environ
                0x0001a4a4      0x168 networking/lib.a(ifupdown.o)
 .text.doit     0x0001a60c       0xb0 networking/lib.a(ifupdown.o)
 .text.execute_all
                0x0001a6bc       0x60 networking/lib.a(ifupdown.o)
 .text.iface_down
                0x0001a71c       0x90 networking/lib.a(ifupdown.o)
 .text.iface_up
                0x0001a7ac       0x90 networking/lib.a(ifupdown.o)
 .text.remove_fd_from_set
                0x0001a83c       0x38 networking/lib.a(inetd.o)
 .text.discard_dg
                0x0001a874       0x24 networking/lib.a(inetd.o)
 .text.maybe_close
                0x0001a898       0x14 networking/lib.a(inetd.o)
 .text.free_servtab_strings
                0x0001a8ac       0x54 networking/lib.a(inetd.o)
 .text.bump_nofile
                0x0001a900      0x104 networking/lib.a(inetd.o)
 .text.add_fd_to_set
                0x0001aa04       0x84 networking/lib.a(inetd.o)
 .text.restore_sigmask
                0x0001aa88       0x18 networking/lib.a(inetd.o)
 .text.block_CHLD_HUP_ALRM
                0x0001aaa0       0x38 networking/lib.a(inetd.o)
 .text.rearm_alarm
                0x0001aad8       0x24 networking/lib.a(inetd.o)
 .text.new_servtab
                0x0001aafc       0x18 networking/lib.a(inetd.o)
 .text.xzalloc_lsa
                0x0001ab14       0x38 networking/lib.a(inetd.o)
 .text.clean_up_and_exit
                0x0001ab4c       0x5c networking/lib.a(inetd.o)
 .text.reap_child
                0x0001aba8       0xc4 networking/lib.a(inetd.o)
 .text.daytime_dg
                0x0001ac6c       0xb8 networking/lib.a(inetd.o)
 .text.daytime_stream
                0x0001ad24       0x48 networking/lib.a(inetd.o)
 .text.machtime
                0x0001ad6c       0x4c networking/lib.a(inetd.o)
 .text.machtime_dg
                0x0001adb8       0x88 networking/lib.a(inetd.o)
 .text.machtime_stream
                0x0001ae40       0x2c networking/lib.a(inetd.o)
 .text.init_ring
                0x0001ae6c       0x40 networking/lib.a(inetd.o)
 .text.chargen_dg
                0x0001aeac       0xe8 networking/lib.a(inetd.o)
 .text.chargen_stream
                0x0001af94       0x80 networking/lib.a(inetd.o)
 .text.discard_stream
                0x0001b014       0x3c networking/lib.a(inetd.o)
 .text.echo_stream
                0x0001b050       0x48 networking/lib.a(inetd.o)
 .text.echo_dg  0x0001b098       0x88 networking/lib.a(inetd.o)
 .text.next_line
                0x0001b120       0x50 networking/lib.a(inetd.o)
 .text.next_word
                0x0001b170       0xa8 networking/lib.a(inetd.o)
 .text.parse_one_line
                0x0001b218      0x3c4 networking/lib.a(inetd.o)
 .text.prepare_socket_fd
                0x0001b5dc       0xac networking/lib.a(inetd.o)
 .text.retry_network_setup
                0x0001b688       0x38 networking/lib.a(inetd.o)
 .text.reread_config_file
                0x0001b6c0      0x380 networking/lib.a(inetd.o)
 .text.inetd_main
                0x0001ba40      0x7f8 networking/lib.a(inetd.o)
                0x0001ba40                inetd_main
 .text.get_afntype
                0x0001c238       0x30 networking/lib.a(interface.o)
 .text.hexchar2int
                0x0001c268       0x2c networking/lib.a(interface.o)
 .text.in_ether
                0x0001c294       0x98 networking/lib.a(interface.o)
 .text.get_hwntype
                0x0001c32c       0x30 networking/lib.a(interface.o)
                0x0001c32c                get_hwntype
 .text.get_hwtype
                0x0001c35c       0x44 networking/lib.a(interface.o)
                0x0001c35c                get_hwtype
 .text.get_aftype
                0x0001c3a0       0x44 networking/lib.a(interface.o)
                0x0001c3a0                get_aftype
 .text.add_interface
                0x0001c3e4       0x94 networking/lib.a(interface.o)
 .text.if_readconf
                0x0001c478       0xbc networking/lib.a(interface.o)
 .text.if_readlist_proc
                0x0001c534      0x258 networking/lib.a(interface.o)
 .text.do_if_fetch
                0x0001c78c      0x25c networking/lib.a(interface.o)
 .text.print_bytes_scaled
                0x0001c9e8       0x94 networking/lib.a(interface.o)
 .text.UNSPEC_print
                0x0001ca7c       0x6c networking/lib.a(interface.o)
 .text.UNSPEC_sprint
                0x0001cae8       0x40 networking/lib.a(interface.o)
 .text.INET6_input
                0x0001cb28       0x10 networking/lib.a(interface.o)
 .text.INET_input
                0x0001cb38       0x14 networking/lib.a(interface.o)
 .text.INET_sprint
                0x0001cb4c       0x64 networking/lib.a(interface.o)
 .text.INET6_sprint
                0x0001cbb0       0x60 networking/lib.a(interface.o)
 .text.ife_print
                0x0001cc10      0x5f4 networking/lib.a(interface.o)
 .text.display_interfaces
                0x0001d204       0xc4 networking/lib.a(interface.o)
                0x0001d204                display_interfaces
 .text.pr_ether
                0x0001d2c8       0x54 networking/lib.a(interface.o)
 .text.ip_do    0x0001d31c       0x1c networking/lib.a(ip.o)
 .text.iproute_main
                0x0001d338       0x18 networking/lib.a(ip.o)
                0x0001d338                iproute_main
 .text.iplink_main
                0x0001d350       0x18 networking/lib.a(ip.o)
                0x0001d350                iplink_main
 .text.ipaddr_main
                0x0001d368       0x18 networking/lib.a(ip.o)
                0x0001d368                ipaddr_main
 .text.ip_main  0x0001d380       0x7c networking/lib.a(ip.o)
                0x0001d380                ip_main
 .text.ip_print_help
                0x0001d3fc        0x8 networking/lib.a(ip.o)
 .text.do_info  0x0001d404       0xb4 networking/lib.a(netstat.o)
 .text.netstat_main
                0x0001d4b8      0x284 networking/lib.a(netstat.o)
                0x0001d4b8                netstat_main
 .text.build_ipv4_addr
                0x0001d73c       0x34 networking/lib.a(netstat.o)
 .text.unix_do_one
                0x0001d770      0x280 networking/lib.a(netstat.o)
 .text.build_ipv6_addr
                0x0001d9f0       0x60 networking/lib.a(netstat.o)
 .text.ip_port_str
                0x0001da50       0xa8 networking/lib.a(netstat.o)
 .text.raw_do_one
                0x0001daf8      0x20c networking/lib.a(netstat.o)
 .text.udp_do_one
                0x0001dd04      0x228 networking/lib.a(netstat.o)
 .text.tcp_do_one
                0x0001df2c      0x1c8 networking/lib.a(netstat.o)
 .text.print_host
                0x0001e0f4       0xc8 networking/lib.a(nslookup.o)
 .text.nslookup_main
                0x0001e1bc       0x98 networking/lib.a(nslookup.o)
                0x0001e1bc                nslookup_main
 .text.sendping_tail
                0x0001e254       0xb4 networking/lib.a(ping.o)
 .text.sendping6
                0x0001e308       0x98 networking/lib.a(ping.o)
 .text.sendping4
                0x0001e3a0      0x120 networking/lib.a(ping.o)
 .text.unpack_tail
                0x0001e4c0      0x130 networking/lib.a(ping.o)
 .text.ping6    0x0001e5f0      0x3a4 networking/lib.a(ping.o)
 .text.ping4    0x0001e994      0x34c networking/lib.a(ping.o)
 .text.pingstats
                0x0001ece0      0x134 networking/lib.a(ping.o)
 .text.ping_main
                0x0001ee14      0x194 networking/lib.a(ping.o)
                0x0001ee14                ping_main
 .text.ping6_main
                0x0001efa8       0x2c networking/lib.a(ping.o)
                0x0001efa8                ping6_main
 .text.set_flags
                0x0001efd4       0x4c networking/lib.a(route.o)
 .text.kw_lookup
                0x0001f020       0x60 networking/lib.a(route.o)
 .text.bb_displayroutes
                0x0001f080      0x20c networking/lib.a(route.o)
                0x0001f080                bb_displayroutes
 .text.route_main
                0x0001f28c      0x848 networking/lib.a(route.o)
                0x0001f28c                route_main
 .text.putiac   0x0001fad4       0x1c networking/lib.a(telnet.o)
 .text.fgotsig  0x0001faf0       0x10 networking/lib.a(telnet.o)
 .text.iacflush
                0x0001fb00       0x2c networking/lib.a(telnet.o)
 .text.putiac2  0x0001fb2c       0x44 networking/lib.a(telnet.o)
 .text.cookmode
                0x0001fb70       0x24 networking/lib.a(telnet.o)
 .text.rawmode  0x0001fb94       0x28 networking/lib.a(telnet.o)
 .text.setConMode
                0x0001fbbc       0x70 networking/lib.a(telnet.o)
 .text.doexit   0x0001fc2c       0x14 networking/lib.a(telnet.o)
 .text.conescape
                0x0001fc40      0x114 networking/lib.a(telnet.o)
 .text.telnet_main
                0x0001fd54      0x57c networking/lib.a(telnet.o)
                0x0001fd54                telnet_main
 .text.make_new_session
                0x000202d0      0x1a0 networking/lib.a(telnetd.o)
 .text.telnetd_main
                0x00020470      0x4d4 networking/lib.a(telnetd.o)
                0x00020470                telnetd_main
 .text.handle_sigchld
                0x00020944       0x50 networking/lib.a(telnetd.o)
 .text.tftp_main
                0x00020994      0x440 networking/lib.a(tftp.o)
                0x00020994                tftp_main
 .text.xfind_str
                0x00020dd4       0x34 networking/lib.a(vconfig.o)
 .text.vconfig_main
                0x00020e08      0x10c networking/lib.a(vconfig.o)
                0x00020e08                vconfig_main
 .text.ip_parse_common_args
                0x00020f14       0xd8 networking/libiproute/lib.a(ip_parse_common_args.o)
                0x00020f14                ip_parse_common_args
 .text.ipaddr_modify
                0x00020fec      0x530 networking/libiproute/lib.a(ipaddress.o)
 .text.flush_update
                0x0002151c       0x50 networking/libiproute/lib.a(ipaddress.o)
 .text.print_addrinfo
                0x0002156c      0x4ec networking/libiproute/lib.a(ipaddress.o)
 .text.ipaddr_list_or_flush
                0x00021a58      0x96c networking/libiproute/lib.a(ipaddress.o)
                0x00021a58                ipaddr_list_or_flush
 .text.do_ipaddr
                0x000223c4       0x78 networking/libiproute/lib.a(ipaddress.o)
                0x000223c4                do_ipaddr
 .text.store_nlmsg
                0x0002243c       0x58 networking/libiproute/lib.a(ipaddress.o)
 .text.die_must_be_on_off
                0x00022494       0x1c networking/libiproute/lib.a(iplink.o)
 .text.parse_address
                0x000224b0       0x70 networking/libiproute/lib.a(iplink.o)
 .text.get_ctl_fd
                0x00022520       0x34 networking/libiproute/lib.a(iplink.o)
 .text.set_address
                0x00022554       0x60 networking/libiproute/lib.a(iplink.o)
 .text.ipaddr_list_link
                0x000225b4       0x20 networking/libiproute/lib.a(iplink.o)
 .text.do_iplink
                0x000225d4      0x39c networking/libiproute/lib.a(iplink.o)
                0x000225d4                do_iplink
 .text.iproute_reset_filter
                0x00022970       0x30 networking/libiproute/lib.a(iproute.o)
 .text.flush_update
                0x000229a0       0x50 networking/libiproute/lib.a(iproute.o)
 .text.print_route
                0x000229f0      0x5f8 networking/libiproute/lib.a(iproute.o)
 .text.iproute_list_or_flush
                0x00022fe8      0x4d8 networking/libiproute/lib.a(iproute.o)
 .text.do_iproute
                0x000234c0      0x788 networking/libiproute/lib.a(iproute.o)
                0x000234c0                do_iproute
 .text.parse_rtattr
                0x00023c48       0x68 networking/libiproute/lib.a(libnetlink.o)
                0x00023c48                parse_rtattr
 .text.rta_addattr_l
                0x00023cb0       0x64 networking/libiproute/lib.a(libnetlink.o)
                0x00023cb0                rta_addattr_l
 .text.rta_addattr32
                0x00023d14       0x5c networking/libiproute/lib.a(libnetlink.o)
                0x00023d14                rta_addattr32
 .text.addattr_l
                0x00023d70       0x60 networking/libiproute/lib.a(libnetlink.o)
                0x00023d70                addattr_l
 .text.addattr32
                0x00023dd0       0x5c networking/libiproute/lib.a(libnetlink.o)
                0x00023dd0                addattr32
 .text.rtnl_dump_request
                0x00023e2c       0x88 networking/libiproute/lib.a(libnetlink.o)
                0x00023e2c                rtnl_dump_request
 .text.rtnl_talk
                0x00023eb4      0x214 networking/libiproute/lib.a(libnetlink.o)
                0x00023eb4                rtnl_talk
 .text.xrtnl_dump_filter
                0x000240c8      0x198 networking/libiproute/lib.a(libnetlink.o)
                0x000240c8                xrtnl_dump_filter
 .text.rtnl_send
                0x00024260       0x44 networking/libiproute/lib.a(libnetlink.o)
                0x00024260                rtnl_send
 .text.xrtnl_wilddump_request
                0x000242a4       0x78 networking/libiproute/lib.a(libnetlink.o)
                0x000242a4                xrtnl_wilddump_request
 .text.xrtnl_open
                0x0002431c       0xa8 networking/libiproute/lib.a(libnetlink.o)
                0x0002431c                xrtnl_open
 .text.rtnl_close
                0x000243c4       0x14 networking/libiproute/lib.a(libnetlink.o)
                0x000243c4                rtnl_close
 .text.ll_addr_a2n
                0x000243d8       0xc0 networking/libiproute/lib.a(ll_addr.o)
                0x000243d8                ll_addr_a2n
 .text.ll_addr_n2a
                0x00024498       0xa4 networking/libiproute/lib.a(ll_addr.o)
                0x00024498                ll_addr_n2a
 .text.find_by_index
                0x0002453c       0x34 networking/libiproute/lib.a(ll_map.o)
 .text.ll_index_to_flags
                0x00024570       0x1c networking/libiproute/lib.a(ll_map.o)
                0x00024570                ll_index_to_flags
 .text.ll_init_map
                0x0002458c       0x44 networking/libiproute/lib.a(ll_map.o)
                0x0002458c                ll_init_map
 .text.xll_name_to_index
                0x000245d0       0x7c networking/libiproute/lib.a(ll_map.o)
                0x000245d0                xll_name_to_index
 .text.ll_idx_n2a
                0x0002464c       0x60 networking/libiproute/lib.a(ll_map.o)
                0x0002464c                ll_idx_n2a
 .text.ll_index_to_name
                0x000246ac       0x28 networking/libiproute/lib.a(ll_map.o)
                0x000246ac                ll_index_to_name
 .text.ll_remember_index
                0x000246d4       0xe0 networking/libiproute/lib.a(ll_map.o)
                0x000246d4                ll_remember_index
 .text.ll_type_n2a
                0x000247b4       0x70 networking/libiproute/lib.a(ll_types.o)
                0x000247b4                ll_type_n2a
 .text.rtnl_tab_initialize
                0x00024824      0x134 networking/libiproute/lib.a(rt_names.o)
 .text.rtnl_rtdsfield_initialize
                0x00024958       0x54 networking/libiproute/lib.a(rt_names.o)
 .text.rtnl_dsfield_a2n
                0x000249ac       0xd4 networking/libiproute/lib.a(rt_names.o)
                0x000249ac                rtnl_dsfield_a2n
 .text.rtnl_rtrealm_a2n
                0x00024a80       0xf8 networking/libiproute/lib.a(rt_names.o)
                0x00024a80                rtnl_rtrealm_a2n
 .text.rtnl_rtscope_initialize
                0x00024b78       0x84 networking/libiproute/lib.a(rt_names.o)
 .text.rtnl_rtscope_a2n
                0x00024bfc       0xd4 networking/libiproute/lib.a(rt_names.o)
                0x00024bfc                rtnl_rtscope_a2n
 .text.rtnl_dsfield_n2a
                0x00024cd0       0x6c networking/libiproute/lib.a(rt_names.o)
                0x00024cd0                rtnl_dsfield_n2a
 .text.rtnl_rtscope_n2a
                0x00024d3c       0x5c networking/libiproute/lib.a(rt_names.o)
                0x00024d3c                rtnl_rtscope_n2a
 .text.rtnl_rtprot_initialize
                0x00024d98       0x58 networking/libiproute/lib.a(rt_names.o)
 .text.rtnl_rtprot_a2n
                0x00024df0       0xd4 networking/libiproute/lib.a(rt_names.o)
                0x00024df0                rtnl_rtprot_a2n
 .text.rtnl_rtprot_n2a
                0x00024ec4       0x5c networking/libiproute/lib.a(rt_names.o)
                0x00024ec4                rtnl_rtprot_n2a
 .text.get_rt_realms
                0x00024f20       0x88 networking/libiproute/lib.a(rtm_map.o)
                0x00024f20                get_rt_realms
 .text.rtnl_rtntype_a2n
                0x00024fa8       0xd8 networking/libiproute/lib.a(rtm_map.o)
                0x00024fa8                rtnl_rtntype_a2n
 .text.rtnl_rtntype_n2a
                0x00025080      0x10c networking/libiproute/lib.a(rtm_map.o)
                0x00025080                rtnl_rtntype_n2a
 .text.rt_addr_n2a
                0x0002518c       0x38 networking/libiproute/lib.a(utils.o)
                0x0002518c                rt_addr_n2a
 .text.format_host
                0x000251c4       0x10 networking/libiproute/lib.a(utils.o)
                0x000251c4                format_host
 .text.inet_addr_match
                0x000251d4       0x9c networking/libiproute/lib.a(utils.o)
                0x000251d4                inet_addr_match
 .text.duparg2  0x00025270       0x20 networking/libiproute/lib.a(utils.o)
                0x00025270                duparg2
 .text.duparg   0x00025290       0x20 networking/libiproute/lib.a(utils.o)
                0x00025290                duparg
 .text.invarg   0x000252b0       0x18 networking/libiproute/lib.a(utils.o)
                0x000252b0                invarg
 .text.incomplete_command
                0x000252c8       0x1c networking/libiproute/lib.a(utils.o)
                0x000252c8                incomplete_command
 .text.get_addr_1
                0x000252e4      0x110 networking/libiproute/lib.a(utils.o)
                0x000252e4                get_addr_1
 .text.get_addr32
                0x000253f4       0x44 networking/libiproute/lib.a(utils.o)
                0x000253f4                get_addr32
 .text.get_addr
                0x00025438       0x48 networking/libiproute/lib.a(utils.o)
                0x00025438                get_addr
 .text.get_s8   0x00025480       0x58 networking/libiproute/lib.a(utils.o)
                0x00025480                get_s8
 .text.get_s16  0x000254d8       0x58 networking/libiproute/lib.a(utils.o)
                0x000254d8                get_s16
 .text.get_integer
                0x00025530       0x48 networking/libiproute/lib.a(utils.o)
                0x00025530                get_integer
 .text.get_prefix_1
                0x00025578       0xcc networking/libiproute/lib.a(utils.o)
                0x00025578                get_prefix_1
 .text.get_prefix
                0x00025644       0x48 networking/libiproute/lib.a(utils.o)
                0x00025644                get_prefix
 .text.get_u8   0x0002568c       0x50 networking/libiproute/lib.a(utils.o)
                0x0002568c                get_u8
 .text.get_u16  0x000256dc       0x50 networking/libiproute/lib.a(utils.o)
                0x000256dc                get_u16
 .text.get_u32  0x0002572c       0x48 networking/libiproute/lib.a(utils.o)
                0x0002572c                get_u32
 .text.get_unsigned
                0x00025774       0x48 networking/libiproute/lib.a(utils.o)
                0x00025774                get_unsigned
 .text.free_main
                0x000257bc      0x17c procps/lib.a(free.o)
                0x000257bc                free_main
 .text.kill_main
                0x00025938      0x230 procps/lib.a(kill.o)
                0x00025938                kill_main
 .text.pidof_main
                0x00025b68       0x90 procps/lib.a(pidof.o)
                0x00025b68                pidof_main
 .text.ps_main  0x00025bf8      0x130 procps/lib.a(ps.o)
                0x00025bf8                ps_main
 .text.uptime_main
                0x00025d28      0x114 procps/lib.a(uptime.o)
                0x00025d28                uptime_main
 .text.stunalloc
                0x00025e3c       0x24 shell/lib.a(ash.o)
 .text.setstackmark
                0x00025e60       0x2c shell/lib.a(ash.o)
 .text.prefix   0x00025e8c       0x20 shell/lib.a(ash.o)
 .text.is_number
                0x00025eac       0x1c shell/lib.a(ash.o)
 .text.varcmp   0x00025ec8       0x40 shell/lib.a(ash.o)
 .text.varequal
                0x00025f08       0x18 shell/lib.a(ash.o)
 .text.hashvar  0x00025f20       0x40 shell/lib.a(ash.o)
 .text.vpcmp    0x00025f60       0x14 shell/lib.a(ash.o)
 .text.findvar  0x00025f74       0x30 shell/lib.a(ash.o)
 .text.set_curjob
                0x00025fa4       0x64 shell/lib.a(ash.o)
 .text.jobno    0x00026008       0x30 shell/lib.a(ash.o)
 .text.getstatus
                0x00026038       0x5c shell/lib.a(ash.o)
 .text.esclen   0x00026094       0x5c shell/lib.a(ash.o)
 .text.falsecmd
                0x000260f0        0x8 shell/lib.a(ash.o)
 .text.truecmd  0x000260f8        0x8 shell/lib.a(ash.o)
 .text.bltincmd
                0x00026100       0x20 shell/lib.a(ash.o)
 .text.pungetc  0x00026120       0x38 shell/lib.a(ash.o)
 .text.freealias
                0x00026158       0x40 shell/lib.a(ash.o)
 .text.freeparam
                0x00026198       0x30 shell/lib.a(ash.o)
 .text.freefunc
                0x000261c8       0x1c shell/lib.a(ash.o)
 .text.ignoresig
                0x000261e4       0x3c shell/lib.a(ash.o)
 .text.raise_exception
                0x00026220       0x24 shell/lib.a(ash.o)
 .text.raise_interrupt
                0x00026244       0x60 shell/lib.a(ash.o)
 .text.onsig    0x000262a4       0x48 shell/lib.a(ash.o)
 .text.force_int_on
                0x000262ec       0x24 shell/lib.a(ash.o)
 .text.int_on   0x00026310       0x28 shell/lib.a(ash.o)
 .text.delete_cmd_entry
                0x00026338       0x60 shell/lib.a(ash.o)
 .text.clearcmdentry
                0x00026398       0x8c shell/lib.a(ash.o)
 .text.changepath
                0x00026424       0xdc shell/lib.a(ash.o)
 .text.removerecordregions
                0x00026500       0xfc shell/lib.a(ash.o)
 .text.freejob  0x000265fc       0x74 shell/lib.a(ash.o)
 .text.popstackmark
                0x00026670       0x60 shell/lib.a(ash.o)
 .text.pstrcmp  0x000266d0       0x14 shell/lib.a(ash.o)
 .text.msort    0x000266e4       0xb0 shell/lib.a(ash.o)
 .text.__lookupalias
                0x00026794       0x64 shell/lib.a(ash.o)
 .text.unalias  0x000267f8       0x40 shell/lib.a(ash.o)
 .text.popstring
                0x00026838       0xdc shell/lib.a(ash.o)
 .text.popfile  0x00026914       0xb0 shell/lib.a(ash.o)
 .text.popallfiles
                0x000269c4       0x44 shell/lib.a(ash.o)
 .text.lookupalias
                0x00026a08       0x2c shell/lib.a(ash.o)
 .text.flush_stderr
                0x00026a34       0x30 shell/lib.a(ash.o)
 .text.flush_stdout_stderr
                0x00026a64       0x3c shell/lib.a(ash.o)
 .text.outcslow
                0x00026aa0       0x50 shell/lib.a(ash.o)
 .text.showpipe
                0x00026af0       0x60 shell/lib.a(ash.o)
 .text.ash_vmsg
                0x00026b50       0xb8 shell/lib.a(ash.o)
 .text.ash_vmsg_and_raise
                0x00026c08       0x1c shell/lib.a(ash.o)
 .text.ash_msg_and_raise
                0x00026c24       0x24 shell/lib.a(ash.o)
 .text.ash_msg_and_raise_error
                0x00026c48       0x30 shell/lib.a(ash.o)
 .text.raise_error_syntax
                0x00026c78       0x1c shell/lib.a(ash.o)
 .text.varunset
                0x00026c94       0x7c shell/lib.a(ash.o)
 .text.copyfd   0x00026d10       0x50 shell/lib.a(ash.o)
 .text.popredir
                0x00026d60       0xa4 shell/lib.a(ash.o)
 .text.clearredir
                0x00026e04       0x34 shell/lib.a(ash.o)
 .text.nextopt  0x00026e38       0xd4 shell/lib.a(ash.o)
 .text.unaliascmd
                0x00026f0c       0xdc shell/lib.a(ash.o)
 .text.cdopt    0x00026fe8       0x50 shell/lib.a(ash.o)
 .text.SIT      0x00027038       0x94 shell/lib.a(ash.o)
 .text.lookupvar
                0x000270cc       0x38 shell/lib.a(ash.o)
 .text.bltinlookup
                0x00027104       0x58 shell/lib.a(ash.o)
 .text.ckrealloc
                0x0002715c       0x20 shell/lib.a(ash.o)
 .text.ckmalloc
                0x0002717c       0x14 shell/lib.a(ash.o)
 .text.makejob  0x00027190      0x17c shell/lib.a(ash.o)
 .text.stalloc  0x0002730c       0x84 shell/lib.a(ash.o)
 .text.stzalloc
                0x00027390       0x20 shell/lib.a(ash.o)
 .text.makename
                0x000273b0       0x3c shell/lib.a(ash.o)
 .text.fixredir
                0x000273ec       0x70 shell/lib.a(ash.o)
 .text.ckzalloc
                0x0002745c       0x20 shell/lib.a(ash.o)
 .text.pushfile
                0x0002747c       0x78 shell/lib.a(ash.o)
 .text.recordregion
                0x000274f4       0x7c shell/lib.a(ash.o)
 .text.ckstrdup
                0x00027570       0x20 shell/lib.a(ash.o)
 .text.setparam
                0x00027590       0x68 shell/lib.a(ash.o)
 .text.setvareq
                0x000275f8       0xf8 shell/lib.a(ash.o)
 .text.listsetvar
                0x000276f0       0x40 shell/lib.a(ash.o)
 .text.ash_msg  0x00027730       0x34 shell/lib.a(ash.o)
 .text.outstr   0x00027764       0x24 shell/lib.a(ash.o)
 .text.out2str  0x00027788       0x20 shell/lib.a(ash.o)
 .text.stoppedjobs
                0x000277a8       0x58 shell/lib.a(ash.o)
 .text.out1str  0x00027800       0x1c shell/lib.a(ash.o)
 .text.out1fmt  0x0002781c       0x54 shell/lib.a(ash.o)
 .text.printlim
                0x00027870       0x80 shell/lib.a(ash.o)
 .text.helpcmd  0x000278f0       0x88 shell/lib.a(ash.o)
 .text.options  0x00027978      0x234 shell/lib.a(ash.o)
 .text.setinputfile
                0x00027bac       0xe8 shell/lib.a(ash.o)
 .text.setsignal
                0x00027c94      0x148 shell/lib.a(ash.o)
 .text.xtcsetpgrp
                0x00027ddc       0x2c shell/lib.a(ash.o)
 .text.setjobctl
                0x00027e08      0x180 shell/lib.a(ash.o)
 .text.optschanged
                0x00027f88       0x8c shell/lib.a(ash.o)
 .text.setinputstring
                0x00028014       0x70 shell/lib.a(ash.o)
 .text.pushstring
                0x00028084       0x98 shell/lib.a(ash.o)
 .text.calcsize
                0x0002811c      0x124 shell/lib.a(ash.o)
 .text.sizenodelist
                0x00028240       0x44 shell/lib.a(ash.o)
 .text.growstackblock
                0x00028284       0xc8 shell/lib.a(ash.o)
 .text.makestrspace
                0x0002834c       0x3c shell/lib.a(ash.o)
 .text.memtodest
                0x00028388       0x84 shell/lib.a(ash.o)
 .text.cmdputs  0x0002840c      0x218 shell/lib.a(ash.o)
 .text.cmdlist  0x00028624       0x54 shell/lib.a(ash.o)
 .text.cmdtxt   0x00028678      0x304 shell/lib.a(ash.o)
 .text.stack_nputstr
                0x0002897c       0x2c shell/lib.a(ash.o)
 .text.stack_putstr
                0x000289a8       0x28 shell/lib.a(ash.o)
 .text.ststrdup
                0x000289d0       0x2c shell/lib.a(ash.o)
 .text.addfname
                0x000289fc       0x44 shell/lib.a(ash.o)
 .text.endofname
                0x00028a40       0x3c shell/lib.a(ash.o)
 .text.goodname
                0x00028a7c       0x18 shell/lib.a(ash.o)
 .text.isassignment
                0x00028a94       0x28 shell/lib.a(ash.o)
 .text.setvar   0x00028abc       0xb4 shell/lib.a(ash.o)
 .text.localcmd
                0x00028b70       0xf4 shell/lib.a(ash.o)
 .text.setpwd   0x00028c64       0xf4 shell/lib.a(ash.o)
 .text.pwdcmd   0x00028d58       0x60 shell/lib.a(ash.o)
 .text.unsetvar
                0x00028db8       0x94 shell/lib.a(ash.o)
 .text.pgetc    0x00028e4c      0x23c shell/lib.a(ash.o)
 .text.pgetc2   0x00029088       0x18 shell/lib.a(ash.o)
 .text.growstackstr
                0x000290a0       0x44 shell/lib.a(ash.o)
 .text.listvars
                0x000290e4       0xac shell/lib.a(ash.o)
 .text._STPUTC  0x00029190       0x30 shell/lib.a(ash.o)
 .text.tokname  0x000291c0       0x64 shell/lib.a(ash.o)
 .text.raise_error_unexpected_syntax
                0x00029224       0x5c shell/lib.a(ash.o)
 .text.getjob   0x00029280      0x138 shell/lib.a(ash.o)
 .text.number   0x000293b8       0x3c shell/lib.a(ash.o)
 .text.exitcmd  0x000293f4       0x44 shell/lib.a(ash.o)
 .text.shiftcmd
                0x00029438       0x94 shell/lib.a(ash.o)
 .text.breakcmd
                0x000294cc       0x7c shell/lib.a(ash.o)
 .text.returncmd
                0x00029548       0x4c shell/lib.a(ash.o)
 .text.fmtstr   0x00029594       0x54 shell/lib.a(ash.o)
 .text.cvtnum   0x000295e8       0x5c shell/lib.a(ash.o)
 .text.scanright
                0x00029644       0x80 shell/lib.a(ash.o)
 .text.scanleft
                0x000296c4       0x60 shell/lib.a(ash.o)
 .text.sprint_status
                0x00029724       0xdc shell/lib.a(ash.o)
 .text.dowait   0x00029800      0x16c shell/lib.a(ash.o)
 .text.waitforjob
                0x0002996c       0x80 shell/lib.a(ash.o)
 .text.fg_bgcmd
                0x000299ec      0x138 shell/lib.a(ash.o)
 .text.forkshell
                0x00029b24      0x26c shell/lib.a(ash.o)
 .text.waitcmd  0x00029d90       0xe4 shell/lib.a(ash.o)
 .text.arith    0x00029e74      0x7c4 shell/lib.a(ash.o)
 .text.arith_lookup_val
                0x0002a638       0xa4 shell/lib.a(ash.o)
 .text.dash_arith
                0x0002a6dc       0xac shell/lib.a(ash.o)
 .text.letcmd   0x0002a788       0x48 shell/lib.a(ash.o)
 .text._rmescapes
                0x0002a7d0      0x10c shell/lib.a(ash.o)
 .text.preglob  0x0002a8dc       0x20 shell/lib.a(ash.o)
 .text.nodeckstrdup
                0x0002a8fc       0x4c shell/lib.a(ash.o)
 .text.copynode
                0x0002a948      0x1dc shell/lib.a(ash.o)
 .text.copynodelist
                0x0002ab24       0x58 shell/lib.a(ash.o)
 .text.cmdlookup
                0x0002ab7c       0x9c shell/lib.a(ash.o)
 .text.unsetcmd
                0x0002ac18       0x90 shell/lib.a(ash.o)
 .text.showjob  0x0002aca8      0x168 shell/lib.a(ash.o)
 .text.showjobs
                0x0002ae10       0x60 shell/lib.a(ash.o)
 .text.jobscmd  0x0002ae70       0x94 shell/lib.a(ash.o)
 .text.padvance
                0x0002af04       0xd4 shell/lib.a(ash.o)
 .text.expmeta  0x0002afd8      0x210 shell/lib.a(ash.o)
 .text.find_builtin
                0x0002b1e8       0x34 shell/lib.a(ash.o)
 .text.findkwd  0x0002b21c       0x34 shell/lib.a(ash.o)
 .text.umaskcmd
                0x0002b250      0x188 shell/lib.a(ash.o)
 .text.ulimitcmd
                0x0002b3d8      0x1d8 shell/lib.a(ash.o)
 .text.single_quote
                0x0002b5b0       0xac shell/lib.a(ash.o)
 .text.printalias
                0x0002b65c       0x38 shell/lib.a(ash.o)
 .text.aliascmd
                0x0002b694      0x124 shell/lib.a(ash.o)
 .text.errmsg   0x0002b7b8       0x20 shell/lib.a(ash.o)
 .text.trapcmd  0x0002b7d8       0xfc shell/lib.a(ash.o)
 .text.timescmd
                0x0002b8d4       0x9c shell/lib.a(ash.o)
 .text.showvars
                0x0002b970       0xb8 shell/lib.a(ash.o)
 .text.exportcmd
                0x0002ba28       0xa8 shell/lib.a(ash.o)
 .text.setcmd   0x0002bad0       0x80 shell/lib.a(ash.o)
 .text.killcmd  0x0002bb50       0x90 shell/lib.a(ash.o)
 .text.tryexec  0x0002bbe0       0x84 shell/lib.a(ash.o)
 .text.shellexec
                0x0002bc64       0xf8 shell/lib.a(ash.o)
 .text.execcmd  0x0002bd5c       0x54 shell/lib.a(ash.o)
 .text.echocmd  0x0002bdb0       0x10 shell/lib.a(ash.o)
 .text.cdcmd    0x0002bdc0      0x304 shell/lib.a(ash.o)
 .text.testcmd  0x0002c0c4       0x10 shell/lib.a(ash.o)
 .text.redirect
                0x0002c0d4      0x3e0 shell/lib.a(ash.o)
 .text.redirectsafe
                0x0002c4b4       0x94 shell/lib.a(ash.o)
 .text.evaltree
                0x0002c548      0x2f4 shell/lib.a(ash.o)
 .text.evalfun  0x0002c83c      0x1c8 shell/lib.a(ash.o)
 .text.evalloop
                0x0002ca04       0xdc shell/lib.a(ash.o)
 .text.argstr   0x0002cae0      0x558 shell/lib.a(ash.o)
 .text.expandarg
                0x0002d038      0x3b0 shell/lib.a(ash.o)
 .text.expandstr
                0x0002d3e8       0x80 shell/lib.a(ash.o)
 .text.setprompt
                0x0002d468       0xb4 shell/lib.a(ash.o)
 .text.readtoken1
                0x0002d51c      0xc10 shell/lib.a(ash.o)
 .text.parseheredoc
                0x0002e12c       0x94 shell/lib.a(ash.o)
 .text.xxreadtoken
                0x0002e1c0      0x178 shell/lib.a(ash.o)
 .text.readtoken
                0x0002e338       0xd0 shell/lib.a(ash.o)
 .text.peektoken
                0x0002e408       0x3c shell/lib.a(ash.o)
 .text.parsefname
                0x0002e444      0x118 shell/lib.a(ash.o)
 .text.list     0x0002e55c      0x174 shell/lib.a(ash.o)
 .text.parsecmd
                0x0002e6d0       0x70 shell/lib.a(ash.o)
 .text.cmdloop  0x0002e740       0xec shell/lib.a(ash.o)
 .text.find_command
                0x0002e82c      0x330 shell/lib.a(ash.o)
 .text.typecmd  0x0002eb5c      0x208 shell/lib.a(ash.o)
 .text.hashcmd  0x0002ed64      0x150 shell/lib.a(ash.o)
 .text.dotcmd   0x0002eeb4      0x12c shell/lib.a(ash.o)
 .text.evalstring
                0x0002efe0       0x78 shell/lib.a(ash.o)
 .text.exitshell
                0x0002f058       0x78 shell/lib.a(ash.o)
 .text.read_profile
                0x0002f0d0       0x2c shell/lib.a(ash.o)
 .text.ash_main
                0x0002f0fc      0x550 shell/lib.a(ash.o)
                0x0002f0fc                ash_main
 .text.evalcmd  0x0002f64c       0x88 shell/lib.a(ash.o)
 .text.parse_command
                0x0002f6d4      0x55c shell/lib.a(ash.o)
 .text.pipeline
                0x0002fc30       0xc8 shell/lib.a(ash.o)
 .text.expredir
                0x0002fcf8       0xac shell/lib.a(ash.o)
 .text.evalsubshell
                0x0002fda4       0xb0 shell/lib.a(ash.o)
 .text.evalcase
                0x0002fe54      0x114 shell/lib.a(ash.o)
 .text.evalfor  0x0002ff68      0x104 shell/lib.a(ash.o)
 .text.subevalvar
                0x0003006c      0x15c shell/lib.a(ash.o)
 .text.evalvar  0x000301c8      0x524 shell/lib.a(ash.o)
 .text.evalpipe
                0x000306ec      0x138 shell/lib.a(ash.o)
 .text.evalbltin
                0x00030824       0xf0 shell/lib.a(ash.o)
 .text.evalcommand
                0x00030914      0x378 shell/lib.a(ash.o)
 .text.readcmd  0x00030c8c      0x41c shell/lib.a(ash.o)
 .text.klogd_main
                0x000310a8      0x1a8 sysklogd/lib.a(klogd.o)
                0x000310a8                klogd_main
 .text.klogd_signal
                0x00031250       0x3c sysklogd/lib.a(klogd.o)
 .text.decode   0x0003128c       0x48 sysklogd/lib.a(logger.o)
 .text.logger_main
                0x000312d4      0x1b0 sysklogd/lib.a(logger.o)
                0x000312d4                logger_main
 .text.create_socket
                0x00031484       0x94 sysklogd/lib.a(syslogd.o)
 .text.log_locally
                0x00031518      0x21c sysklogd/lib.a(syslogd.o)
 .text.timestamp_and_log
                0x00031734      0x150 sysklogd/lib.a(syslogd.o)
 .text.timestamp_and_log_internal
                0x00031884       0x28 sysklogd/lib.a(syslogd.o)
 .text.iw_sigint
                0x000318ac       0x44 sysklogd/lib.a(syslogd.o)
 .text.quit_signal
                0x000318f0       0x30 sysklogd/lib.a(syslogd.o)
 .text.syslogd_main
                0x00031920      0x3dc sysklogd/lib.a(syslogd.o)
                0x00031920                syslogd_main
 .text.dmesg_main
                0x00031cfc       0xe4 util-linux/lib.a(dmesg.o)
                0x00031cfc                dmesg_main
 .text.normalize
                0x00031de0       0xdc util-linux/lib.a(getopt.o)
 .text.generate_output
                0x00031ebc      0x1ac util-linux/lib.a(getopt.o)
 .text.getopt_main
                0x00032068      0x28c util-linux/lib.a(getopt.o)
                0x00032068                getopt_main
 .text.hexdump_main
                0x000322f4      0x1dc util-linux/lib.a(hexdump.o)
                0x000322f4                hexdump_main
 .text.append_mount_options
                0x000324d0       0xd4 util-linux/lib.a(mount.o)
 .text.parse_mount_options
                0x000325a4       0xe0 util-linux/lib.a(mount.o)
 .text.error_msg_rpc
                0x00032684       0x80 util-linux/lib.a(mount.o)
 .text.mount_it_now
                0x00032704       0xa4 util-linux/lib.a(mount.o)
 .text.nfs_strerror
                0x000327a8       0x68 util-linux/lib.a(mount.o)
 .text.daemonize
                0x00032810       0x90 util-linux/lib.a(mount.o)
 .text.xdr_fhstatus
                0x000328a0       0x3c util-linux/lib.a(mount.o)
 .text.xdr_mountres3
                0x000328dc       0x6c util-linux/lib.a(mount.o)
 .text.xdr_dirpath
                0x00032948       0x1c util-linux/lib.a(mount.o)
 .text.singlemount
                0x00032964      0xfa8 util-linux/lib.a(mount.o)
 .text.mount_main
                0x0003390c      0x338 util-linux/lib.a(mount.o)
                0x0003390c                mount_main
 .text.pivot_root_main
                0x00033c44       0x28 util-linux/lib.a(pivot_root.o)
                0x00033c44                pivot_root_main
 .text.umount_main
                0x00033c6c      0x24c util-linux/lib.a(umount.o)
                0x00033c6c                umount_main
 .text.clear_main
                0x00033eb8       0x30 console-tools/lib.a(clear.o)
                0x00033eb8                clear_main
 .text.reset_main
                0x00033ee8       0x4c console-tools/lib.a(reset.o)
                0x00033ee8                reset_main
 .text.basename_main
                0x00033f34       0x74 coreutils/lib.a(basename.o)
                0x00033f34                basename_main
 .text.bb_cat   0x00033fa8       0x5c coreutils/lib.a(cat.o)
                0x00033fa8                bb_cat
 .text.cat_main
                0x00034004       0x44 coreutils/lib.a(cat.o)
                0x00034004                cat_main
 .text.chmod_main
                0x00034048       0xd0 coreutils/lib.a(chmod.o)
                0x00034048                chmod_main
 .text.fileAction
                0x00034118       0x84 coreutils/lib.a(chmod.o)
 .text.cp_main  0x0003419c      0x10c coreutils/lib.a(cp.o)
                0x0003419c                cp_main
 .text.cmpfunc  0x000342a8        0xc coreutils/lib.a(cut.o)
 .text.cut_main
                0x000342b4      0x46c coreutils/lib.a(cut.o)
                0x000342b4                cut_main
 .text.maybe_set_utc
                0x00034720       0x2c coreutils/lib.a(date.o)
 .text.date_main
                0x0003474c      0x3d8 coreutils/lib.a(date.o)
                0x0003474c                date_main
 .text.write_and_stats
                0x00034b24       0x9c coreutils/lib.a(dd.o)
 .text.dd_main  0x00034bc0      0x4a4 coreutils/lib.a(dd.o)
                0x00034bc0                dd_main
 .text.kscale   0x00035064       0x28 coreutils/lib.a(df.o)
 .text.df_main  0x0003508c      0x1f4 coreutils/lib.a(df.o)
                0x0003508c                df_main
 .text.dirname_main
                0x00035280       0x2c coreutils/lib.a(dirname.o)
                0x00035280                dirname_main
 .text.echo_main
                0x000352ac      0x114 coreutils/lib.a(echo.o)
                0x000352ac                echo_main
 .text.env_main
                0x000353c0      0x108 coreutils/lib.a(env.o)
                0x000353c0                env_main
 .text.null     0x000354c8       0x34 coreutils/lib.a(expr.o)
 .text.int_value
                0x000354fc       0x30 coreutils/lib.a(expr.o)
 .text.tostring
                0x0003552c       0x48 coreutils/lib.a(expr.o)
 .text.str_value
                0x00035574       0x2c coreutils/lib.a(expr.o)
 .text.docolon  0x000355a0       0xfc coreutils/lib.a(expr.o)
 .text.toarith  0x0003569c       0x5c coreutils/lib.a(expr.o)
 .text.arithmetic_common
                0x000356f8       0xe8 coreutils/lib.a(expr.o)
 .text.freev    0x000357e0       0x24 coreutils/lib.a(expr.o)
 .text.nextarg  0x00035804       0x28 coreutils/lib.a(expr.o)
 .text.eval6    0x0003582c      0x214 coreutils/lib.a(expr.o)
 .text.eval5    0x00035a40       0x6c coreutils/lib.a(expr.o)
 .text.eval4    0x00035aac       0xb0 coreutils/lib.a(expr.o)
 .text.eval3    0x00035b5c       0x98 coreutils/lib.a(expr.o)
 .text.eval2    0x00035bf4      0x190 coreutils/lib.a(expr.o)
 .text.eval1    0x00035d84       0x88 coreutils/lib.a(expr.o)
 .text.eval     0x00035e0c       0x6c coreutils/lib.a(expr.o)
 .text.expr_main
                0x00035e78       0x7c coreutils/lib.a(expr.o)
                0x00035e78                expr_main
 .text.false_main
                0x00035ef4        0x8 coreutils/lib.a(false.o)
                0x00035ef4                false_main
 .text.head_main
                0x00035efc      0x174 coreutils/lib.a(head.o)
                0x00035efc                head_main
 .text.printf_full
                0x00036070       0x50 coreutils/lib.a(id.o)
 .text.id_main  0x000360c0      0x130 coreutils/lib.a(id.o)
                0x000360c0                id_main
 .text.ln_main  0x000361f0      0x1a4 coreutils/lib.a(ln.o)
                0x000361f0                ln_main
 .text.append_char
                0x00036394       0x7c coreutils/lib.a(ls.o)
 .text.count_dirs
                0x00036410       0x84 coreutils/lib.a(ls.o)
 .text.my_stat  0x00036494       0x84 coreutils/lib.a(ls.o)
 .text.dnalloc  0x00036518       0x20 coreutils/lib.a(ls.o)
 .text.splitdnarray
                0x00036538       0xd8 coreutils/lib.a(ls.o)
 .text.showfiles
                0x00036610      0x538 coreutils/lib.a(ls.o)
 .text.dnsort   0x00036b48       0x28 coreutils/lib.a(ls.o)
 .text.sortcmp  0x00036b70       0xd4 coreutils/lib.a(ls.o)
 .text.showdirs
                0x00036c44      0x224 coreutils/lib.a(ls.o)
 .text.ls_main  0x00036e68      0x318 coreutils/lib.a(ls.o)
                0x00036e68                ls_main
 .text.hash_file
                0x00037180       0xc8 coreutils/lib.a(md5_sha1_sum.o)
 .text.md5_sha1_sum_main
                0x00037248      0x1d4 coreutils/lib.a(md5_sha1_sum.o)
                0x00037248                md5_sha1_sum_main
 .text.mkdir_main
                0x0003741c       0xa8 coreutils/lib.a(mkdir.o)
                0x0003741c                mkdir_main
 .text.mknod_main
                0x000374c4       0xcc coreutils/lib.a(mknod.o)
                0x000374c4                mknod_main
 .text.mv_main  0x00037590      0x1e8 coreutils/lib.a(mv.o)
                0x00037590                mv_main
 .text.pwd_main
                0x00037778       0x3c coreutils/lib.a(pwd.o)
                0x00037778                pwd_main
 .text.readlink_main
                0x000377b4       0x90 coreutils/lib.a(readlink.o)
                0x000377b4                readlink_main
 .text.rm_main  0x00037844       0xcc coreutils/lib.a(rm.o)
                0x00037844                rm_main
 .text.rmdir_main
                0x00037910       0x94 coreutils/lib.a(rmdir.o)
                0x00037910                rmdir_main
 .text.sleep_main
                0x000379a4       0x24 coreutils/lib.a(sleep.o)
                0x000379a4                sleep_main
 .text.str2u    0x000379c8       0x40 coreutils/lib.a(sort.o)
 .text.add_key  0x00037a08       0x3c coreutils/lib.a(sort.o)
 .text.get_key  0x00037a44      0x1ec coreutils/lib.a(sort.o)
 .text.compare_keys
                0x00037c30      0x398 coreutils/lib.a(sort.o)
 .text.sort_main
                0x00037fc8      0x36c coreutils/lib.a(sort.o)
                0x00037fc8                sort_main
 .text.mode_type_flag
                0x00038334       0x2c coreutils/lib.a(stty.o)
 .text.set_mode
                0x00038360      0x384 coreutils/lib.a(stty.o)
 .text.find_param
                0x000386e4       0x40 coreutils/lib.a(stty.o)
 .text.find_control
                0x00038724       0x40 coreutils/lib.a(stty.o)
 .text.find_mode
                0x00038764       0x40 coreutils/lib.a(stty.o)
 .text.set_control_char_or_die
                0x000387a4       0xb4 coreutils/lib.a(stty.o)
 .text.perror_on_device
                0x00038858       0x1c coreutils/lib.a(stty.o)
 .text.wrapf    0x00038874       0xbc coreutils/lib.a(stty.o)
 .text.display_window_size
                0x00038930       0x80 coreutils/lib.a(stty.o)
 .text.set_window_size
                0x000389b0       0x84 coreutils/lib.a(stty.o)
 .text.display_speed
                0x00038a34       0x80 coreutils/lib.a(stty.o)
 .text.recover_mode
                0x00038ab4       0xa8 coreutils/lib.a(stty.o)
 .text.set_speed_or_die
                0x00038b5c       0x3c coreutils/lib.a(stty.o)
 .text.perror_on_device_and_die
                0x00038b98       0x14 coreutils/lib.a(stty.o)
 .text.stty_main
                0x00038bac      0x490 coreutils/lib.a(stty.o)
                0x00038bac                stty_main
 .text.display_recoverable
                0x0003903c       0x5c coreutils/lib.a(stty.o)
 .text.do_display
                0x00039098      0x228 coreutils/lib.a(stty.o)
 .text.sync_main
                0x000392c0       0x18 coreutils/lib.a(sync.o)
                0x000392c0                sync_main
 .text.eat_num  0x000392d8       0x44 coreutils/lib.a(tail.o)
 .text.tail_xprint_header
                0x0003931c       0x20 coreutils/lib.a(tail.o)
 .text.tail_read
                0x0003933c       0x9c coreutils/lib.a(tail.o)
 .text.tail_main
                0x000393d8      0x42c coreutils/lib.a(tail.o)
                0x000393d8                tail_main
 .text.t_lex    0x00039804       0x6c coreutils/lib.a(test.o)
 .text.syntax   0x00039870       0x50 coreutils/lib.a(test.o)
 .text.getn     0x000398c0       0x7c coreutils/lib.a(test.o)
 .text.binop    0x0003993c      0x204 coreutils/lib.a(test.o)
 .text.nexpr    0x00039b40      0x368 coreutils/lib.a(test.o)
 .text.aexpr    0x00039ea8       0x94 coreutils/lib.a(test.o)
 .text.oexpr    0x00039f3c       0x8c coreutils/lib.a(test.o)
 .text.test_main
                0x00039fc8      0x188 coreutils/lib.a(test.o)
                0x00039fc8                test_main
 .text.touch_main
                0x0003a150       0x98 coreutils/lib.a(touch.o)
                0x0003a150                touch_main
 .text.true_main
                0x0003a1e8        0x8 coreutils/lib.a(true.o)
                0x0003a1e8                true_main
 .text.tty_main
                0x0003a1f0       0x6c coreutils/lib.a(tty.o)
                0x0003a1f0                tty_main
 .text.uname_main
                0x0003a25c       0xc8 coreutils/lib.a(uname.o)
                0x0003a25c                uname_main
 .text.usleep_main
                0x0003a324       0x24 coreutils/lib.a(usleep.o)
                0x0003a324                usleep_main
 .text.wc_main  0x0003a348      0x220 coreutils/lib.a(wc.o)
                0x0003a348                wc_main
 .text.yes_main
                0x0003a568       0xac coreutils/lib.a(yes.o)
                0x0003a568                yes_main
 .text.cp_mv_stat2
                0x0003a614       0x70 coreutils/libcoreutils/lib.a(cp_mv_stat.o)
                0x0003a614                cp_mv_stat2
 .text.cp_mv_stat
                0x0003a684       0x18 coreutils/libcoreutils/lib.a(cp_mv_stat.o)
                0x0003a684                cp_mv_stat
 .text.getopt_mk_fifo_nod
                0x0003a69c       0x50 coreutils/libcoreutils/lib.a(getopt_mk_fifo_nod.o)
                0x0003a69c                getopt_mk_fifo_nod
 .text.mktemp_main
                0x0003a6ec       0xc8 debianutils/lib.a(mktemp.o)
                0x0003a6ec                mktemp_main
 .text.run_parts_main
                0x0003a7b4      0x16c debianutils/lib.a(run_parts.o)
                0x0003a7b4                run_parts_main
 .text.bb_alphasort
                0x0003a920       0x28 debianutils/lib.a(run_parts.o)
 .text.act      0x0003a948       0xac debianutils/lib.a(run_parts.o)
 .text.which_main
                0x0003a9f4       0x98 debianutils/lib.a(which.o)
                0x0003a9f4                which_main
 .text.hashidx  0x0003aa8c       0x20 editors/lib.a(awk.o)
 .text.skip_spaces
                0x0003aaac       0x40 editors/lib.a(awk.o)
 .text.nextword
                0x0003aaec       0x14 editors/lib.a(awk.o)
 .text.rollback_token
                0x0003ab00       0x14 editors/lib.a(awk.o)
 .text.nextarg  0x0003ab14       0x30 editors/lib.a(awk.o)
 .text.new_node
                0x0003ab44       0x2c editors/lib.a(awk.o)
 .text.hash_init
                0x0003ab70       0x28 editors/lib.a(awk.o)
 .text.iamarray
                0x0003ab98       0x38 editors/lib.a(awk.o)
 .text.nvalloc  0x0003abd0       0xb8 editors/lib.a(awk.o)
 .text.qrealloc
                0x0003ac88       0x2c editors/lib.a(awk.o)
 .text.clrvar   0x0003acb4       0x3c editors/lib.a(awk.o)
 .text.fsrealloc
                0x0003acf0       0xb8 editors/lib.a(awk.o)
 .text.clear_array
                0x0003ada8       0x54 editors/lib.a(awk.o)
 .text.zero_out_var
                0x0003adfc       0x14 editors/lib.a(awk.o)
 .text.chain_node
                0x0003ae10       0x70 editors/lib.a(awk.o)
 .text.mk_re_node
                0x0003ae80       0x40 editors/lib.a(awk.o)
 .text.mk_splitter
                0x0003aec0       0x5c editors/lib.a(awk.o)
 .text.getvar_i
                0x0003af1c       0x88 editors/lib.a(awk.o)
 .text.is_numeric
                0x0003afa4       0x24 editors/lib.a(awk.o)
 .text.istrue   0x0003afc8       0x44 editors/lib.a(awk.o)
 .text.hash_remove
                0x0003b00c       0x6c editors/lib.a(awk.o)
 .text.hash_search
                0x0003b078       0x48 editors/lib.a(awk.o)
 .text.hash_find
                0x0003b0c0       0xec editors/lib.a(awk.o)
 .text.nextchar
                0x0003b1ac       0x44 editors/lib.a(awk.o)
 .text.afopen   0x0003b1f0       0x2c editors/lib.a(awk.o)
 .text.syntax_error
                0x0003b21c       0x34 editors/lib.a(awk.o)
 .text.fmt_num  0x0003b250       0xdc editors/lib.a(awk.o)
 .text.getvar_s
                0x0003b32c       0x78 editors/lib.a(awk.o)
 .text.handle_special
                0x0003b3a4      0x158 editors/lib.a(awk.o)
 .text.copyvar  0x0003b4fc       0x54 editors/lib.a(awk.o)
 .text.setvar_i
                0x0003b550       0x3c editors/lib.a(awk.o)
 .text.incvar   0x0003b58c       0x3c editors/lib.a(awk.o)
 .text.setvar_p
                0x0003b5c8       0x28 editors/lib.a(awk.o)
 .text.setvar_s
                0x0003b5f0       0x34 editors/lib.a(awk.o)
 .text.awk_getline
                0x0003b624      0x270 editors/lib.a(awk.o)
 .text.setvar_u
                0x0003b894       0x20 editors/lib.a(awk.o)
 .text.is_assignment
                0x0003b8b4       0x90 editors/lib.a(awk.o)
 .text.next_input_file
                0x0003b944      0x11c editors/lib.a(awk.o)
 .text.setari_u
                0x0003ba60       0x50 editors/lib.a(awk.o)
 .text.awk_split
                0x0003bab0      0x1e8 editors/lib.a(awk.o)
 .text.split_f0
                0x0003bc98       0xbc editors/lib.a(awk.o)
 .text.next_token
                0x0003bd54      0x36c editors/lib.a(awk.o)
 .text.condition
                0x0003c0c0       0x18 editors/lib.a(awk.o)
 .text.parse_expr
                0x0003c0d8      0x2ec editors/lib.a(awk.o)
 .text.chain_expr
                0x0003c3c4       0x3c editors/lib.a(awk.o)
 .text.chain_group
                0x0003c400      0x288 editors/lib.a(awk.o)
 .text.parse_program
                0x0003c688      0x148 editors/lib.a(awk.o)
 .text.chain_loop
                0x0003c7d0       0x78 editors/lib.a(awk.o)
 .text.nvfree   0x0003c848       0xbc editors/lib.a(awk.o)
 .text.awk_exit
                0x0003c904       0x64 editors/lib.a(awk.o)
 .text.evaluate
                0x0003c968     0x1478 editors/lib.a(awk.o)
 .text.awk_main
                0x0003dde0      0x3a0 editors/lib.a(awk.o)
                0x0003dde0                awk_main
 .text.awk_printf
                0x0003e180      0x188 editors/lib.a(awk.o)
 .text.ptest    0x0003e308       0x24 editors/lib.a(awk.o)
 .text.as_regex
                0x0003e32c       0x7c editors/lib.a(awk.o)
 .text.awk_sub  0x0003e3a8      0x1f8 editors/lib.a(awk.o)
 .text.parse_escapes
                0x0003e5a0       0x5c editors/lib.a(sed.o)
 .text.index_of_next_unescaped_regexp_delim
                0x0003e5fc       0xb8 editors/lib.a(sed.o)
 .text.copy_parsing_escapes
                0x0003e6b4       0x48 editors/lib.a(sed.o)
 .text.parse_regex_delim
                0x0003e6fc       0x74 editors/lib.a(sed.o)
 .text.get_address
                0x0003e770       0xb4 editors/lib.a(sed.o)
 .text.parse_file_cmd
                0x0003e824       0x84 editors/lib.a(sed.o)
 .text.add_cmd  0x0003e8a8      0x4a0 editors/lib.a(sed.o)
 .text.add_cmd_block
                0x0003ed48       0x9c editors/lib.a(sed.o)
 .text.add_input_file
                0x0003ede4       0x3c editors/lib.a(sed.o)
 .text.pipe_putc
                0x0003ee20       0x58 editors/lib.a(sed.o)
 .text.append   0x0003ee78       0x24 editors/lib.a(sed.o)
 .text.puts_maybe_newline
                0x0003ee9c       0xf8 editors/lib.a(sed.o)
 .text.flush_append
                0x0003ef94       0x5c editors/lib.a(sed.o)
 .text.get_next_line
                0x0003eff0       0xd0 editors/lib.a(sed.o)
 .text.process_files
                0x0003f0c0      0x820 editors/lib.a(sed.o)
 .text.sed_main
                0x0003f8e0      0x294 editors/lib.a(sed.o)
                0x0003f8e0                sed_main
 .text.cleanup_outname
                0x0003fb74       0x1c editors/lib.a(sed.o)
 .text.next_tabstop
                0x0003fb90       0x38 editors/lib.a(vi.o)
 .text.dot_left
                0x0003fbc8       0x28 editors/lib.a(vi.o)
 .text.dot_right
                0x0003fbf0       0x28 editors/lib.a(vi.o)
 .text.screen_erase
                0x0003fc18       0x34 editors/lib.a(vi.o)
 .text.status_line
                0x0003fc4c       0x5c editors/lib.a(vi.o)
 .text.status_line_bold
                0x0003fca8       0x84 editors/lib.a(vi.o)
 .text.text_hole_delete
                0x0003fd2c       0xa4 editors/lib.a(vi.o)
 .text.yank_delete
                0x0003fdd0       0x5c editors/lib.a(vi.o)
 .text.text_hole_make
                0x0003fe2c       0x94 editors/lib.a(vi.o)
 .text.stupid_insert
                0x0003fec0       0x48 editors/lib.a(vi.o)
 .text.write1   0x0003ff08       0x1c editors/lib.a(vi.o)
 .text.standout_end
                0x0003ff24       0x28 editors/lib.a(vi.o)
 .text.standout_start
                0x0003ff4c       0x28 editors/lib.a(vi.o)
 .text.clear_to_eos
                0x0003ff74       0x28 editors/lib.a(vi.o)
 .text.clear_to_eol
                0x0003ff9c       0x28 editors/lib.a(vi.o)
 .text.mysleep  0x0003ffc4       0x2c editors/lib.a(vi.o)
 .text.get_one_char
                0x0003fff0      0x174 editors/lib.a(vi.o)
 .text.not_implemented
                0x00040164      0x11c editors/lib.a(vi.o)
 .text.dot_skip_over_ws
                0x00040280       0x40 editors/lib.a(vi.o)
 .text.skip_thing
                0x000402c0       0xe0 editors/lib.a(vi.o)
 .text.end_line
                0x000403a0       0x3c editors/lib.a(vi.o)
 .text.dot_end  0x000403dc       0x24 editors/lib.a(vi.o)
 .text.count_lines
                0x00040400       0x5c editors/lib.a(vi.o)
 .text.next_line
                0x0004045c       0x2c editors/lib.a(vi.o)
 .text.dot_next
                0x00040488       0x24 editors/lib.a(vi.o)
 .text.find_line
                0x000404ac       0x2c editors/lib.a(vi.o)
 .text.end_screen
                0x000404d8       0x50 editors/lib.a(vi.o)
 .text.file_write
                0x00040528       0x7c editors/lib.a(vi.o)
 .text.begin_line
                0x000405a4       0x40 editors/lib.a(vi.o)
 .text.move_to_col
                0x000405e4       0x5c editors/lib.a(vi.o)
 .text.dot_begin
                0x00040640       0x24 editors/lib.a(vi.o)
 .text.prev_line
                0x00040664       0x30 editors/lib.a(vi.o)
 .text.dot_scroll
                0x00040694       0x80 editors/lib.a(vi.o)
 .text.dot_prev
                0x00040714       0x24 editors/lib.a(vi.o)
 .text.place_cursor
                0x00040738       0x68 editors/lib.a(vi.o)
 .text.refresh  0x000407a0      0x404 editors/lib.a(vi.o)
 .text.char_insert
                0x00040ba4       0xec editors/lib.a(vi.o)
 .text.show_status_line
                0x00040c90      0x260 editors/lib.a(vi.o)
 .text.redraw   0x00040ef0       0x48 editors/lib.a(vi.o)
 .text.Indicate_Error
                0x00040f38       0x54 editors/lib.a(vi.o)
 .text.do_cmd   0x00040f8c     0x12f8 editors/lib.a(vi.o)
 .text.find_range
                0x00042284      0x1a4 editors/lib.a(vi.o)
 .text.edit_file
                0x00042428      0x334 editors/lib.a(vi.o)